Archive member included to satisfy reference by file (symbol)

c:/nxp/mcuxpressoide_11.1.0_3209/ide/plugins/com.nxp.mcuxpresso.tools.win32_11.1.0.201909161352/tools/bin/../lib/gcc/arm-none-eabi/8.3.1/../../../../arm-none-eabi/lib/thumb/v7e-m+fp/hard\libcr_nohost_nf.a(_cr__main.o)
                              ./startup/startup_mk66f18.o (__main)
c:/nxp/mcuxpressoide_11.1.0_3209/ide/plugins/com.nxp.mcuxpresso.tools.win32_11.1.0.201909161352/tools/bin/../lib/gcc/arm-none-eabi/8.3.1/../../../../arm-none-eabi/lib/thumb/v7e-m+fp/hard\libcr_nohost_nf.a(_cr_assert.o)
                              ./utilities/fsl_debug_console.o (__assertion_failed)
c:/nxp/mcuxpressoide_11.1.0_3209/ide/plugins/com.nxp.mcuxpresso.tools.win32_11.1.0.201909161352/tools/bin/../lib/gcc/arm-none-eabi/8.3.1/../../../../arm-none-eabi/lib/thumb/v7e-m+fp/hard\libcr_nohost_nf.a(__ciob.o)
                              c:/nxp/mcuxpressoide_11.1.0_3209/ide/plugins/com.nxp.mcuxpresso.tools.win32_11.1.0.201909161352/tools/bin/../lib/gcc/arm-none-eabi/8.3.1/../../../../arm-none-eabi/lib/thumb/v7e-m+fp/hard\libcr_nohost_nf.a(_cr_assert.o) (__Ciob)
c:/nxp/mcuxpressoide_11.1.0_3209/ide/plugins/com.nxp.mcuxpresso.tools.win32_11.1.0.201909161352/tools/bin/../lib/gcc/arm-none-eabi/8.3.1/../../../../arm-none-eabi/lib/thumb/v7e-m+fp/hard\libcr_nohost_nf.a(__sys_appexit.o)
                              c:/nxp/mcuxpressoide_11.1.0_3209/ide/plugins/com.nxp.mcuxpresso.tools.win32_11.1.0.201909161352/tools/bin/../lib/gcc/arm-none-eabi/8.3.1/../../../../arm-none-eabi/lib/thumb/v7e-m+fp/hard\libcr_nohost_nf.a(_cr_assert.o) (__sys_appexit)
c:/nxp/mcuxpressoide_11.1.0_3209/ide/plugins/com.nxp.mcuxpresso.tools.win32_11.1.0.201909161352/tools/bin/../lib/gcc/arm-none-eabi/8.3.1/../../../../arm-none-eabi/lib/thumb/v7e-m+fp/hard\libcr_c.a(asinf.o)
                              ./source/mahony.o (asinf)
c:/nxp/mcuxpressoide_11.1.0_3209/ide/plugins/com.nxp.mcuxpresso.tools.win32_11.1.0.201909161352/tools/bin/../lib/gcc/arm-none-eabi/8.3.1/../../../../arm-none-eabi/lib/thumb/v7e-m+fp/hard\libcr_c.a(atan2f.o)
                              ./source/mahony.o (atan2f)
c:/nxp/mcuxpressoide_11.1.0_3209/ide/plugins/com.nxp.mcuxpresso.tools.win32_11.1.0.201909161352/tools/bin/../lib/gcc/arm-none-eabi/8.3.1/../../../../arm-none-eabi/lib/thumb/v7e-m+fp/hard\libcr_c.a(atanf.o)
                              c:/nxp/mcuxpressoide_11.1.0_3209/ide/plugins/com.nxp.mcuxpresso.tools.win32_11.1.0.201909161352/tools/bin/../lib/gcc/arm-none-eabi/8.3.1/../../../../arm-none-eabi/lib/thumb/v7e-m+fp/hard\libcr_c.a(atan2f.o) (atanf)
c:/nxp/mcuxpressoide_11.1.0_3209/ide/plugins/com.nxp.mcuxpresso.tools.win32_11.1.0.201909161352/tools/bin/../lib/gcc/arm-none-eabi/8.3.1/../../../../arm-none-eabi/lib/thumb/v7e-m+fp/hard\libcr_c.a(fabsf.o)
                              c:/nxp/mcuxpressoide_11.1.0_3209/ide/plugins/com.nxp.mcuxpresso.tools.win32_11.1.0.201909161352/tools/bin/../lib/gcc/arm-none-eabi/8.3.1/../../../../arm-none-eabi/lib/thumb/v7e-m+fp/hard\libcr_c.a(atan2f.o) (fabsf)
c:/nxp/mcuxpressoide_11.1.0_3209/ide/plugins/com.nxp.mcuxpresso.tools.win32_11.1.0.201909161352/tools/bin/../lib/gcc/arm-none-eabi/8.3.1/../../../../arm-none-eabi/lib/thumb/v7e-m+fp/hard\libcr_c.a(memcpy.o)
                              ./amazon-freertos/freertos_kernel/queue.o (memcpy)
c:/nxp/mcuxpressoide_11.1.0_3209/ide/plugins/com.nxp.mcuxpresso.tools.win32_11.1.0.201909161352/tools/bin/../lib/gcc/arm-none-eabi/8.3.1/../../../../arm-none-eabi/lib/thumb/v7e-m+fp/hard\libcr_c.a(memset.o)
                              ./utilities/fsl_debug_console.o (memset)
c:/nxp/mcuxpressoide_11.1.0_3209/ide/plugins/com.nxp.mcuxpresso.tools.win32_11.1.0.201909161352/tools/bin/../lib/gcc/arm-none-eabi/8.3.1/../../../../arm-none-eabi/lib/thumb/v7e-m+fp/hard\libcr_c.a(_deferredlazyseek.o)
                              c:/nxp/mcuxpressoide_11.1.0_3209/ide/plugins/com.nxp.mcuxpresso.tools.win32_11.1.0.201909161352/tools/bin/../lib/gcc/arm-none-eabi/8.3.1/../../../../arm-none-eabi/lib/thumb/v7e-m+fp/hard\libcr_nohost_nf.a(_cr_assert.o) (__flsbuf)
c:/nxp/mcuxpressoide_11.1.0_3209/ide/plugins/com.nxp.mcuxpresso.tools.win32_11.1.0.201909161352/tools/bin/../lib/gcc/arm-none-eabi/8.3.1/../../../../arm-none-eabi/lib/thumb/v7e-m+fp/hard\libcr_c.a(_fflush.o)
                              c:/nxp/mcuxpressoide_11.1.0_3209/ide/plugins/com.nxp.mcuxpresso.tools.win32_11.1.0.201909161352/tools/bin/../lib/gcc/arm-none-eabi/8.3.1/../../../../arm-none-eabi/lib/thumb/v7e-m+fp/hard\libcr_c.a(_deferredlazyseek.o) (_fflush)
c:/nxp/mcuxpressoide_11.1.0_3209/ide/plugins/com.nxp.mcuxpresso.tools.win32_11.1.0.201909161352/tools/bin/../lib/gcc/arm-none-eabi/8.3.1/../../../../arm-none-eabi/lib/thumb/v7e-m+fp/hard\libcr_c.a(_writebuf.o)
[...]
Memory Configuration

Name             Origin             Length             Attributes
PROGRAM_FLASH    0x00000000         0x00200000         xr
SRAM_UPPER       0x20000000         0x00030000         xrw
SRAM_LOWER       0x1fff0000         0x00010000         xrw
FLEX_RAM         0x14000000         0x00001000         xrw
*default*        0x00000000         0xffffffff

Linker script and memory map

LOAD ./utilities/fsl_debug_console.o
LOAD ./utilities/fsl_str.o
LOAD ./startup/startup_mk66f18.o
LOAD ./source/BMI160.o
LOAD ./source/freertos_I2C.o
LOAD ./source/freertos_uart.o
LOAD ./source/mahony.o
LOAD ./source/main.o
LOAD ./source/semihost_hardfault.o
LOAD ./drivers/fsl_clock.o
LOAD ./drivers/fsl_common.o
LOAD ./drivers/fsl_gpio.o
LOAD ./drivers/fsl_i2c.o
LOAD ./drivers/fsl_rtc.o
LOAD ./drivers/fsl_smc.o
LOAD ./drivers/fsl_uart.o
LOAD ./device/system_MK66F18.o
LOAD ./component/uart/uart_adapter.o
LOAD ./component/serial_manager/serial_manager.o
LOAD ./component/serial_manager/serial_port_uart.o
LOAD ./component/lists/generic_list.o
LOAD ./board/board.o
LOAD ./board/clock_config.o
LOAD ./board/peripherals.o
LOAD ./board/pin_mux.o
LOAD ./amazon-freertos/freertos_kernel/portable/MemMang/heap_4.o
LOAD ./amazon-freertos/freertos_kernel/portable/GCC/ARM_CM4F/port.o
LOAD ./amazon-freertos/freertos_kernel/event_groups.o
LOAD ./amazon-freertos/freertos_kernel/list.o
LOAD ./amazon-freertos/freertos_kernel/queue.o
LOAD ./amazon-freertos/freertos_kernel/stream_buffer.o
LOAD ./amazon-freertos/freertos_kernel/tasks.o
LOAD ./amazon-freertos/freertos_kernel/timers.o
START GROUP
LOAD c:/nxp/mcuxpressoide_11.1.0_3209/ide/plugins/com.nxp.mcuxpresso.tools.win32_11.1.0.201909161352/tools/bin/../lib/gcc/arm-none-eabi/8.3.1/../../../../arm-none-eabi/lib/thumb/v7e-m+fp/hard\libcr_nohost_nf.a
LOAD c:/nxp/mcuxpressoide_11.1.0_3209/ide/plugins/com.nxp.mcuxpresso.tools.win32_11.1.0.201909161352/tools/bin/../lib/gcc/arm-none-eabi/8.3.1/../../../../arm-none-eabi/lib/thumb/v7e-m+fp/hard\libcr_c.a
LOAD c:/nxp/mcuxpressoide_11.1.0_3209/ide/plugins/com.nxp.mcuxpresso.tools.win32_11.1.0.201909161352/tools/bin/../lib/gcc/arm-none-eabi/8.3.1/thumb/v7e-m+fp/hard\libcr_eabihelpers.a
LOAD c:/nxp/mcuxpressoide_11.1.0_3209/ide/plugins/com.nxp.mcuxpresso.tools.win32_11.1.0.201909161352/tools/bin/../lib/gcc/arm-none-eabi/8.3.1/thumb/v7e-m+fp/hard\libgcc.a
END GROUP
                0x00000000                __base_PROGRAM_FLASH = 0x0
                0x00000000                __base_Flash = 0x0
                0x00200000                __top_PROGRAM_FLASH = 0x200000
                0x00200000                __top_Flash = 0x200000
                0x20000000                __base_SRAM_UPPER = 0x20000000
                0x20000000                __base_RAM = 0x20000000
                0x20030000                __top_SRAM_UPPER = 0x20030000
                0x20030000                __top_RAM = 0x20030000
                0x1fff0000                __base_SRAM_LOWER = 0x1fff0000
                0x1fff0000                __base_RAM2 = 0x1fff0000
                0x20000000                __top_SRAM_LOWER = 0x20000000
                0x20000000                __top_RAM2 = 0x20000000
                0x14000000                __base_FLEX_RAM = 0x14000000
                0x14000000                __base_RAM3 = 0x14000000
                0x14001000                __top_FLEX_RAM = 0x14001000
                0x14001000                __top_RAM3 = 0x14001000

.text           0x00000000     0xaa78
 FILL mask 0xff
                0x00000000                __vectors_start__ = ABSOLUTE (.)
 *(SORT_BY_ALIGNMENT(.isr_vector))
 .isr_vector    0x00000000      0x1d0 ./startup/startup_mk66f18.o
                0x00000000                g_pfnVectors
                0x00000000                __Vectors
                0x000001d0                . = ALIGN (0x4)
                0x000001d0                __section_table_start = .
                0x000001d0                __data_section_table = .
                0x000001d0        0x4 LONG 0xaa78 LOADADDR (.data)
                0x000001d4        0x4 LONG 0x20000000 ADDR (.data)
                0x000001d8        0x4 LONG 0x18 SIZEOF (.data)
                0x000001dc        0x4 LONG 0xaa78 LOADADDR (.data_RAM2)
                0x000001e0        0x4 LONG 0x1fff0000 ADDR (.data_RAM2)
                0x000001e4        0x4 LONG 0x0 SIZEOF (.data_RAM2)
                0x000001e8        0x4 LONG 0xaa78 LOADADDR (.data_RAM3)
                0x000001ec        0x4 LONG 0x14000000 ADDR (.data_RAM3)
                0x000001f0        0x4 LONG 0x0 SIZEOF (.data_RAM3)
                0x000001f4                __data_section_table_end = .
                0x000001f4                __bss_section_table = .
                0x000001f4        0x4 LONG 0x20000018 ADDR (.bss)
                0x000001f8        0x4 LONG 0x2c70 SIZEOF (.bss)
                0x000001fc        0x4 LONG 0x1fff0000 ADDR (.bss_RAM2)
                0x00000200        0x4 LONG 0x0 SIZEOF (.bss_RAM2)
                0x00000204        0x4 LONG 0x14000000 ADDR (.bss_RAM3)
                0x00000208        0x4 LONG 0x0 SIZEOF (.bss_RAM3)
                0x0000020c                __bss_section_table_end = .
                0x0000020c                __section_table_end = .
 *(SORT_BY_ALIGNMENT(.after_vectors*))
 .after_vectors.reset
                0x0000020c       0x4c ./startup/startup_mk66f18.o
                0x0000020c                ResetISR
 .after_vectors.init_data
                0x00000258       0x1e ./startup/startup_mk66f18.o
                0x00000258                data_init
 .after_vectors.init_bss
                0x00000276       0x12 ./startup/startup_mk66f18.o
                0x00000276                bss_init
 .after_vectors
                0x00000288       0x14 ./startup/startup_mk66f18.o
                0x00000288                NMI_Handler
                0x0000028c                MemManage_Handler
                0x0000028e                BusFault_Handler
                0x00000290                UsageFault_Handler
                0x00000294                DebugMon_Handler
                0x0000029a                DMA_Error_DriverIRQHandler
                0x0000029a                LPTMR0_DriverIRQHandler
                0x0000029a                FTM1_DriverIRQHandler
                0x0000029a                FTM2_DriverIRQHandler
                0x0000029a                PIT2_DriverIRQHandler
                0x0000029a                TPM2_DriverIRQHandler
                0x0000029a                SDHC_DriverIRQHandler
                0x0000029a                DMA7_DMA23_DriverIRQHandler
                0x0000029a                I2S0_Tx_DriverIRQHandler
                0x0000029a                TSI0_DriverIRQHandler
                0x0000029a                RTC_Seconds_DriverIRQHandler
                0x0000029a                CMP3_DriverIRQHandler
                0x0000029a                LLWU_DriverIRQHandler
                0x0000029a                MCM_DriverIRQHandler
                0x0000029a                DMA14_DMA30_DriverIRQHandler
                0x0000029a                MCG_DriverIRQHandler
                0x0000029a                ENET_1588_Timer_DriverIRQHandler
                0x0000029a                DAC1_DriverIRQHandler
                0x0000029a                SPI1_DriverIRQHandler
                0x0000029a                CMP1_DriverIRQHandler
                0x0000029a                USBHSDCD_DriverIRQHandler
                0x0000029a                DMA0_DMA16_DriverIRQHandler
                0x0000029a                FTM0_DriverIRQHandler
                0x0000029a                IntDefaultHandler
                0x0000029a                USB0_DriverIRQHandler
                0x0000029a                PORTC_DriverIRQHandler
                0x0000029a                DMA2_DMA18_DriverIRQHandler
                0x0000029a                DAC0_DriverIRQHandler
                0x0000029a                CMP2_DriverIRQHandler
                0x0000029a                UART2_ERR_DriverIRQHandler
                0x0000029a                SPI2_DriverIRQHandler
                0x0000029a                LVD_LVW_DriverIRQHandler
                0x0000029a                Reserved84_DriverIRQHandler
                0x0000029a                PIT0_DriverIRQHandler
                0x0000029a                PORTB_DriverIRQHandler
                0x0000029a                USBDCD_DriverIRQHandler
                0x0000029a                UART3_ERR_DriverIRQHandler
                0x0000029a                DMA12_DMA28_DriverIRQHandler
                0x0000029a                DMA10_DMA26_DriverIRQHandler
                0x0000029a                UART0_ERR_DriverIRQHandler
                0x0000029a                CMT_DriverIRQHandler
                0x0000029a                Reserved71_DriverIRQHandler
                0x0000029a                ADC1_DriverIRQHandler
                0x0000029a                PORTA_DriverIRQHandler
                0x0000029a                DMA1_DMA17_DriverIRQHandler
                0x0000029a                PIT3_DriverIRQHandler
                0x0000029a                PIT1_DriverIRQHandler
                0x0000029a                TPM1_DriverIRQHandler
                0x0000029a                WDOG_EWM_DriverIRQHandler
                0x0000029a                PDB0_DriverIRQHandler
                0x0000029a                DMA8_DMA24_DriverIRQHandler
                0x0000029a                DMA6_DMA22_DriverIRQHandler
                0x0000029a                RTC_DriverIRQHandler
                0x0000029a                I2S0_Rx_DriverIRQHandler
                0x0000029a                Read_Collision_DriverIRQHandler
                0x0000029a                SWI_DriverIRQHandler
                0x0000029a                UART4_ERR_DriverIRQHandler
                0x0000029a                DMA13_DMA29_DriverIRQHandler
                0x0000029a                DMA11_DMA27_DriverIRQHandler
                0x0000029a                DMA4_DMA20_DriverIRQHandler
                0x0000029a                DMA9_DMA25_DriverIRQHandler
                0x0000029a                ENET_Receive_DriverIRQHandler
                0x0000029a                DMA3_DMA19_DriverIRQHandler
                0x0000029a                ENET_Error_DriverIRQHandler
                0x0000029a                LPUART0_DriverIRQHandler
                0x0000029a                Reserved85_DriverIRQHandler
                0x0000029a                SPI0_DriverIRQHandler
                0x0000029a                ADC0_DriverIRQHandler
                0x0000029a                USBHS_DriverIRQHandler
                0x0000029a                CMP0_DriverIRQHandler
                0x0000029a                CAN0_DriverIRQHandler
                0x0000029a                FTM3_DriverIRQHandler
                0x0000029a                DMA5_DMA21_DriverIRQHandler
                0x0000029a                RNG_DriverIRQHandler
                0x0000029a                DMA15_DMA31_DriverIRQHandler
                0x0000029a                UART1_ERR_DriverIRQHandler
                0x0000029a                ENET_Transmit_DriverIRQHandler
                0x0000029a                PORTD_DriverIRQHandler
                0x0000029a                Reserved46_DriverIRQHandler
                0x0000029a                PORTE_DriverIRQHandler
                0x0000029a                FTFE_DriverIRQHandler
                0x0000029a                CAN1_DriverIRQHandler
                0x00000400                . = 0x400
 *fill*         0x0000029c      0x164 ff
                0x00000400                PROVIDE (__FLASH_CONFIG_START__ = .)
 *(SORT_BY_ALIGNMENT(.FlashConfig))
 .FlashConfig   0x00000400       0x10 ./startup/startup_mk66f18.o
                0x00000400                Flash_Config
                0x00000410                PROVIDE (__FLASH_CONFIG_END__ = .)
                0x00000001                ASSERT (! ((__FLASH_CONFIG_START__ == __FLASH_CONFIG_END__)), Linker Flash Config Support Enabled, but no .FlashConfig section provided within application)
 *(SORT_BY_ALIGNMENT(.text*))
 .text.SVC_Handler
                0x00000410       0x28 ./amazon-freertos/freertos_kernel/portable/GCC/ARM_CM4F/port.o
                0x00000410                SVC_Handler
 *fill*         0x00000438        0x8 ff
 .text.PendSV_Handler
                0x00000440       0x68 ./amazon-freertos/freertos_kernel/portable/GCC/ARM_CM4F/port.o
                0x00000440                PendSV_Handler
 .text.MahonyAHRSupdateIMU
                0x000004a8      0x5d8 ./source/mahony.o
                0x000004a8                MahonyAHRSupdateIMU
 .text.DbgConsole_SendDataReliable
                0x00000a80       0x68 ./utilities/fsl_debug_console.o
                0x00000a80                DbgConsole_SendDataReliable
 .text.DbgConsole_Init
                0x00000ae8      0x104 ./utilities/fsl_debug_console.o
                0x00000ae8                DbgConsole_Init
 .text.DbgConsole_Printf
                0x00000bec       0x74 ./utilities/fsl_debug_console.o
                0x00000bec                DbgConsole_Printf
 .text.BMI160_init
                0x00000c60       0xdc ./source/BMI160.o
                0x00000c60                BMI160_init
 .text.__NVIC_SetPriority
                0x00000d3c       0x54 ./source/freertos_I2C.o
 .text.PORT_SetPinConfig
                0x00000d90       0x38 ./source/freertos_I2C.o
 .text.freertos_i2c_init
                0x00000dc8      0x1e0 ./source/freertos_I2C.o
                0x00000dc8                freertos_i2c_init
 .text.freertos_i2c_send
                0x00000fa8       0x8c ./source/freertos_I2C.o
                0x00000fa8                freertos_i2c_send
 .text.freertos_i2c_receive
                0x00001034       0xcc ./source/freertos_I2C.o
                0x00001034                freertos_i2c_receive
 .text.freertos_i2c_enable_port_clock
                0x00001100       0x70 ./source/freertos_I2C.o
 .text.freertos_i2c_enable_clock
                0x00001170       0x60 ./source/freertos_I2C.o
 .text.freertos_i2c_get_port_base
                0x000011d0       0x70 ./source/freertos_I2C.o
 .text.freertos_i2c_get_i2c_base
                0x00001240       0x64 ./source/freertos_I2C.o
 .text.fsl_i2c_callback
                0x000012a4       0xb8 ./source/freertos_I2C.o
 .text.__NVIC_SetPriority
                0x0000135c       0x54 ./source/freertos_uart.o
 .text.freertos_uart_init
                0x000013b0      0x194 ./source/freertos_uart.o
                0x000013b0                freertos_uart_init
 .text.freertos_uart_send
                0x00001544       0xb8 ./source/freertos_uart.o
                0x00001544                freertos_uart_send
 .text.freertos_uart_enable_port_clock
                0x000015fc       0x70 ./source/freertos_uart.o
 .text.freertos_uart_get_port_base
                0x0000166c       0x70 ./source/freertos_uart.o
 .text.freertos_uart_get_uart_base
                0x000016dc       0x3c ./source/freertos_uart.o
 .text.fsl_uart_callback
                0x00001718       0xa8 ./source/freertos_uart.o
 .text.invSqrt  0x000017c0       0x78 ./source/mahony.o
                0x000017c0                invSqrt
 .text.estimatedGravityDirection
                0x00001838       0xd8 ./source/mahony.o
 .text.MahonyAHRGetEuler
                0x00001910      0x15c ./source/mahony.o
                0x00001910                MahonyAHRGetEuler
 .text.main     0x00001a6c       0x4c ./source/main.o
                0x00001a6c                main
 .text.get_readings
                0x00001ab8      0x198 ./source/main.o
                0x00001ab8                get_readings
 .text.send_uart
                0x00001c50      0x1f0 ./source/main.o
                0x00001c50                send_uart
 .text.calibrate_sensor
                0x00001e40      0x270 ./source/main.o
                0x00001e40                calibrate_sensor
 .text.start_system
                0x000020b0       0x94 ./source/main.o
                0x000020b0                start_system
 .text.CLOCK_SetEr32kClock
                0x00002144       0x30 ./drivers/fsl_clock.o
 .text.CLOCK_SetPllFllSelClock
                0x00002174       0x58 ./drivers/fsl_clock.o
 .text.CLOCK_GetMcgExtClkFreq
                0x000021cc       0x78 ./drivers/fsl_clock.o
 .text.CLOCK_GetFllExtRefClkFreq
                0x00002244       0xc4 ./drivers/fsl_clock.o
 .text.CLOCK_GetInternalRefClkSelectFreq
                0x00002308       0x4c ./drivers/fsl_clock.o
 .text.CLOCK_GetFllRefClkFreq
                0x00002354       0x34 ./drivers/fsl_clock.o
 .text.CLOCK_GetOscRangeFromFreq
                0x00002388       0x3c ./drivers/fsl_clock.o
 .text.CLOCK_GetOsc0ErClkUndivFreq
                0x000023c4       0x44 ./drivers/fsl_clock.o
                0x000023c4                CLOCK_GetOsc0ErClkUndivFreq
 .text.CLOCK_GetOsc0ErClkDivFreq
                0x00002408       0x58 ./drivers/fsl_clock.o
                0x00002408                CLOCK_GetOsc0ErClkDivFreq
 .text.CLOCK_GetEr32kClkFreq
                0x00002460       0x70 ./drivers/fsl_clock.o
                0x00002460                CLOCK_GetEr32kClkFreq
 .text.CLOCK_GetPllFllSelClkFreq
                0x000024d0       0x94 ./drivers/fsl_clock.o
                0x000024d0                CLOCK_GetPllFllSelClkFreq
 .text.CLOCK_GetCoreSysClkFreq
                0x00002564       0x28 ./drivers/fsl_clock.o
                0x00002564                CLOCK_GetCoreSysClkFreq
 .text.CLOCK_GetFreq
                0x0000258c      0x150 ./drivers/fsl_clock.o
                0x0000258c                CLOCK_GetFreq
 .text.CLOCK_SetSimConfig
                0x000026dc       0x44 ./drivers/fsl_clock.o
                0x000026dc                CLOCK_SetSimConfig
 .text.CLOCK_EnableUsbfs0Clock
                0x00002720      0x11c ./drivers/fsl_clock.o
                0x00002720                CLOCK_EnableUsbfs0Clock
 .text.CLOCK_GetOutClkFreq
                0x0000283c       0x90 ./drivers/fsl_clock.o
                0x0000283c                CLOCK_GetOutClkFreq
 .text.CLOCK_GetFllFreq
                0x000028cc       0x84 ./drivers/fsl_clock.o
                0x000028cc                CLOCK_GetFllFreq
 .text.CLOCK_GetInternalRefClkFreq
                0x00002950       0x30 ./drivers/fsl_clock.o
                0x00002950                CLOCK_GetInternalRefClkFreq
 .text.CLOCK_GetPll0Freq
                0x00002980       0x7c ./drivers/fsl_clock.o
                0x00002980                CLOCK_GetPll0Freq
 .text.CLOCK_GetExtPllFreq
                0x000029fc       0x18 ./drivers/fsl_clock.o
                0x000029fc                CLOCK_GetExtPllFreq
 .text.CLOCK_SetExtPllFreq
                0x00002a14       0x20 ./drivers/fsl_clock.o
                0x00002a14                CLOCK_SetExtPllFreq
 .text.CLOCK_SetExternalRefClkConfig
                0x00002a34       0x6c ./drivers/fsl_clock.o
                0x00002a34                CLOCK_SetExternalRefClkConfig
 .text.CLOCK_SetInternalRefClkConfig
                0x00002aa0      0x104 ./drivers/fsl_clock.o
                0x00002aa0                CLOCK_SetInternalRefClkConfig
 .text.CLOCK_EnablePll0
                0x00002ba4       0x84 ./drivers/fsl_clock.o
                0x00002ba4                CLOCK_EnablePll0
 .text.CLOCK_InitOsc0
                0x00002c28       0x8c ./drivers/fsl_clock.o
                0x00002c28                CLOCK_InitOsc0
 .text.CLOCK_SetPbeMode
                0x00002cb4       0xe8 ./drivers/fsl_clock.o
                0x00002cb4                CLOCK_SetPbeMode
 .text.CLOCK_BootToPeeMode
                0x00002d9c       0x68 ./drivers/fsl_clock.o
                0x00002d9c                CLOCK_BootToPeeMode
 .text.__NVIC_EnableIRQ
                0x00002e04       0x3c ./drivers/fsl_i2c.o
 .text.I2C_GetInstance
                0x00002e40       0x4c ./drivers/fsl_i2c.o
                0x00002e40                I2C_GetInstance
 .text.I2C_MasterTransferRunStateMachine
                0x00002e8c      0x25c ./drivers/fsl_i2c.o
 .text.I2C_TransferCommonIRQHandler
                0x000030e8       0x54 ./drivers/fsl_i2c.o
 .text.I2C_MasterInit
                0x0000313c       0xe4 ./drivers/fsl_i2c.o
                0x0000313c                I2C_MasterInit
 .text.I2C_MasterGetDefaultConfig
                0x00003220       0x48 ./drivers/fsl_i2c.o
                0x00003220                I2C_MasterGetDefaultConfig
 .text.I2C_MasterSetBaudRate
                0x00003268       0xe8 ./drivers/fsl_i2c.o
                0x00003268                I2C_MasterSetBaudRate
 .text.I2C_MasterTransferCreateHandle
                0x00003350       0x74 ./drivers/fsl_i2c.o
                0x00003350                I2C_MasterTransferCreateHandle
 .text.I2C_MasterTransferNonBlocking
                0x000033c4       0x64 ./drivers/fsl_i2c.o
                0x000033c4                I2C_MasterTransferNonBlocking
 .text.I2C_MasterTransferHandleIRQ
                0x00003428       0xb4 ./drivers/fsl_i2c.o
                0x00003428                I2C_MasterTransferHandleIRQ
 .text.I2C0_DriverIRQHandler
                0x000034dc       0x1c ./drivers/fsl_i2c.o
                0x000034dc                I2C0_DriverIRQHandler
 .text.I2C1_DriverIRQHandler
                0x000034f8       0x1c ./drivers/fsl_i2c.o
                0x000034f8                I2C1_DriverIRQHandler
 .text.I2C2_DriverIRQHandler
                0x00003514       0x1c ./drivers/fsl_i2c.o
                0x00003514                I2C2_DriverIRQHandler
 .text.I2C3_DriverIRQHandler
                0x00003530       0x1c ./drivers/fsl_i2c.o
                0x00003530                I2C3_DriverIRQHandler
 .text.__NVIC_EnableIRQ
                0x0000354c       0x3c ./drivers/fsl_uart.o
 .text.UART_GetInstance
                0x00003588       0x54 ./drivers/fsl_uart.o
                0x00003588                UART_GetInstance
 .text.UART_TransferGetRxRingBufferLength
                0x000035dc       0x50 ./drivers/fsl_uart.o
                0x000035dc                UART_TransferGetRxRingBufferLength
 .text.UART_TransferIsRxRingBufferFull
                0x0000362c       0x40 ./drivers/fsl_uart.o
 .text.UART_Init
                0x0000366c      0x2f4 ./drivers/fsl_uart.o
                0x0000366c                UART_Init
 .text.UART_GetDefaultConfig
                0x00003960       0x68 ./drivers/fsl_uart.o
                0x00003960                UART_GetDefaultConfig
 .text.UART_EnableInterrupts
                0x000039c8       0x70 ./drivers/fsl_uart.o
                0x000039c8                UART_EnableInterrupts
 .text.UART_DisableInterrupts
                0x00003a38       0x90 ./drivers/fsl_uart.o
                0x00003a38                UART_DisableInterrupts
 .text.UART_WriteNonBlocking
                0x00003ac8       0x44 ./drivers/fsl_uart.o
 .text.UART_ReadNonBlocking
                0x00003b0c       0x48 ./drivers/fsl_uart.o
 .text.UART_TransferCreateHandle
                0x00003b54       0x84 ./drivers/fsl_uart.o
                0x00003b54                UART_TransferCreateHandle
 .text.UART_TransferSendNonBlocking
                0x00003bd8       0x9c ./drivers/fsl_uart.o
                0x00003bd8                UART_TransferSendNonBlocking
 .text.UART_TransferHandleIRQ
                0x00003c74      0x540 ./drivers/fsl_uart.o
                0x00003c74                UART_TransferHandleIRQ
 .text.UART0_DriverIRQHandler
                0x000041b4       0x28 ./drivers/fsl_uart.o
                0x000041b4                UART0_DriverIRQHandler
 .text.UART1_DriverIRQHandler
                0x000041dc       0x28 ./drivers/fsl_uart.o
                0x000041dc                UART1_DriverIRQHandler
 .text.UART2_DriverIRQHandler
                0x00004204       0x28 ./drivers/fsl_uart.o
                0x00004204                UART2_DriverIRQHandler
 .text.UART3_DriverIRQHandler
                0x0000422c       0x28 ./drivers/fsl_uart.o
                0x0000422c                UART3_DriverIRQHandler
 .text.UART4_DriverIRQHandler
                0x00004254       0x28 ./drivers/fsl_uart.o
                0x00004254                UART4_DriverIRQHandler
 .text.SystemInit
                0x0000427c       0x3c ./device/system_MK66F18.o
                0x0000427c                SystemInit
 .text.HAL_UartInit
                0x000042b8      0x108 ./component/uart/uart_adapter.o
                0x000042b8                HAL_UartInit
 .text.HAL_UartSendBlocking
                0x000043c0       0x64 ./component/uart/uart_adapter.o
                0x000043c0                HAL_UartSendBlocking
 .text.SerialManager_Write
                0x00004424       0x6c ./component/serial_manager/serial_manager.o
 .text.SerialManager_Init
                0x00004490       0x74 ./component/serial_manager/serial_manager.o
                0x00004490                SerialManager_Init
 .text.SerialManager_OpenWriteHandle
                0x00004504       0x64 ./component/serial_manager/serial_manager.o
                0x00004504                SerialManager_OpenWriteHandle
 .text.SerialManager_OpenReadHandle
                0x00004568       0x74 ./component/serial_manager/serial_manager.o
                0x00004568                SerialManager_OpenReadHandle
 .text.Serial_UartInit
                0x000045dc       0x80 ./component/serial_manager/serial_port_uart.o
                0x000045dc                Serial_UartInit
 .text.Serial_UartWrite
                0x0000465c       0x58 ./component/serial_manager/serial_port_uart.o
                0x0000465c                Serial_UartWrite
 .text.CLOCK_SetSdhc0Clock
                0x000046b4       0x3c ./board/clock_config.o
 .text.CLOCK_SetEnetTime0Clock
                0x000046f0       0x3c ./board/clock_config.o
 .text.CLOCK_SetRmii0Clock
                0x0000472c       0x3c ./board/clock_config.o
 .text.CLOCK_SetLpuartClock
                0x00004768       0x3c ./board/clock_config.o
 .text.CLOCK_SetTpmClock
                0x000047a4       0x3c ./board/clock_config.o
 .text.CLOCK_SetTraceClock
                0x000047e0       0x58 ./board/clock_config.o
 .text.CLOCK_SetClkOutClock
                0x00004838       0x38 ./board/clock_config.o
 .text.CLOCK_SetRtcClkOutClock
                0x00004870       0x3c ./board/clock_config.o
 .text.CLOCK_SetSimSafeDivs
                0x000048ac       0x24 ./board/clock_config.o
 .text.CLOCK_SetXtal0Freq
                0x000048d0       0x20 ./board/clock_config.o
 .text.CLOCK_SetXtal32Freq
                0x000048f0       0x20 ./board/clock_config.o
 .text.CLOCK_CONFIG_SetRtcClock
                0x00004910       0x84 ./board/clock_config.o
 .text.CLOCK_CONFIG_EnableUsbhs0PhyPllClock
                0x00004994       0xfc ./board/clock_config.o
 .text.CLOCK_CONFIG_EnableUsbhs0PfdClock
                0x00004a90       0xb4 ./board/clock_config.o
 .text.CLOCK_CONFIG_SetUsbSlowClock
                0x00004b44       0x3c ./board/clock_config.o
 .text.CLOCK_CONFIG_SetFllExtRefDiv
                0x00004b80       0x3c ./board/clock_config.o
 .text.BOARD_BootClockHSRUN
                0x00004bbc       0xe0 ./board/clock_config.o
                0x00004bbc                BOARD_BootClockHSRUN
 .text.PORT_SetPinConfig
                0x00004c9c       0x38 ./board/pin_mux.o
 .text.BOARD_InitPins
                0x00004cd4       0x30 ./board/pin_mux.o
                0x00004cd4                BOARD_InitPins
 .text.BOARD_InitDEBUG_UARTPins
                0x00004d04       0x6c ./board/pin_mux.o
                0x00004d04                BOARD_InitDEBUG_UARTPins
 .text.pvPortMalloc
                0x00004d70      0x184 ./amazon-freertos/freertos_kernel/portable/MemMang/heap_4.o
                0x00004d70                pvPortMalloc
 .text.vPortFree
                0x00004ef4       0xb0 ./amazon-freertos/freertos_kernel/portable/MemMang/heap_4.o
                0x00004ef4                vPortFree
 .text.prvHeapInit
                0x00004fa4       0xc4 ./amazon-freertos/freertos_kernel/portable/MemMang/heap_4.o
 .text.prvInsertBlockIntoFreeList
                0x00005068       0xb4 ./amazon-freertos/freertos_kernel/portable/MemMang/heap_4.o
 .text.pxPortInitialiseStack
                0x0000511c       0x68 ./amazon-freertos/freertos_kernel/portable/GCC/ARM_CM4F/port.o
                0x0000511c                pxPortInitialiseStack
 .text.prvTaskExitError
                0x00005184       0x54 ./amazon-freertos/freertos_kernel/portable/GCC/ARM_CM4F/port.o
 .text.prvPortStartFirstTask
                0x000051d8       0x28 ./amazon-freertos/freertos_kernel/portable/GCC/ARM_CM4F/port.o
 .text.xPortStartScheduler
                0x00005200      0x13c ./amazon-freertos/freertos_kernel/portable/GCC/ARM_CM4F/port.o
                0x00005200                xPortStartScheduler
 .text.vPortEnterCritical
                0x0000533c       0x5c ./amazon-freertos/freertos_kernel/portable/GCC/ARM_CM4F/port.o
                0x0000533c                vPortEnterCritical
 .text.vPortExitCritical
                0x00005398       0x50 ./amazon-freertos/freertos_kernel/portable/GCC/ARM_CM4F/port.o
                0x00005398                vPortExitCritical
 .text.SysTick_Handler
                0x000053e8       0x40 ./amazon-freertos/freertos_kernel/portable/GCC/ARM_CM4F/port.o
                0x000053e8                SysTick_Handler
 .text.vPortSetupTimerInterrupt
                0x00005428       0x48 ./amazon-freertos/freertos_kernel/portable/GCC/ARM_CM4F/port.o
                0x00005428                vPortSetupTimerInterrupt
 .text.vPortEnableVFP
                0x00005470       0x14 ./amazon-freertos/freertos_kernel/portable/GCC/ARM_CM4F/port.o
 .text.vPortValidateInterruptPriority
                0x00005484       0x7c ./amazon-freertos/freertos_kernel/portable/GCC/ARM_CM4F/port.o
                0x00005484                vPortValidateInterruptPriority
 .text.xQueueGenericReset
                0x00005500       0xd0 ./amazon-freertos/freertos_kernel/queue.o
                0x00005500                xQueueGenericReset
 .text.xQueueGenericSend
                0x000055d0      0x1f4 ./amazon-freertos/freertos_kernel/queue.o
                0x000055d0                xQueueGenericSend
 .text.xQueueReceive
                0x000057c4      0x1b8 ./amazon-freertos/freertos_kernel/queue.o
                0x000057c4                xQueueReceive
 .text.xQueueSemaphoreTake
                0x0000597c      0x214 ./amazon-freertos/freertos_kernel/queue.o
                0x0000597c                xQueueSemaphoreTake
 .text.vQueueAddToRegistry
                0x00005b90       0x50 ./amazon-freertos/freertos_kernel/queue.o
                0x00005b90                vQueueAddToRegistry
 .text.prvAddNewTaskToReadyList
                0x00005be0       0xdc ./amazon-freertos/freertos_kernel/tasks.o
 .text.vTaskDelayUntil
                0x00005cbc       0xf4 ./amazon-freertos/freertos_kernel/tasks.o
                0x00005cbc                vTaskDelayUntil
 .text.vTaskSuspend
                0x00005db0      0x124 ./amazon-freertos/freertos_kernel/tasks.o
                0x00005db0                vTaskSuspend
 .text.vTaskStartScheduler
                0x00005ed4       0x98 ./amazon-freertos/freertos_kernel/tasks.o
                0x00005ed4                vTaskStartScheduler
 .text.vTaskSuspendAll
                0x00005f6c       0x1c ./amazon-freertos/freertos_kernel/tasks.o
                0x00005f6c                vTaskSuspendAll
 .text.xTaskResumeAll
                0x00005f88      0x138 ./amazon-freertos/freertos_kernel/tasks.o
                0x00005f88                xTaskResumeAll
 .text.xTaskGetTickCount
                0x000060c0       0x20 ./amazon-freertos/freertos_kernel/tasks.o
                0x000060c0                xTaskGetTickCount
 .text.xTaskIncrementTick
                0x000060e0      0x150 ./amazon-freertos/freertos_kernel/tasks.o
                0x000060e0                xTaskIncrementTick
 .text.vTaskSwitchContext
                0x00006230       0xb4 ./amazon-freertos/freertos_kernel/tasks.o
                0x00006230                vTaskSwitchContext
 .text.vTaskPlaceOnEventList
                0x000062e4       0x48 ./amazon-freertos/freertos_kernel/tasks.o
                0x000062e4                vTaskPlaceOnEventList
 .text.vTaskPlaceOnEventListRestricted
                0x0000632c       0x54 ./amazon-freertos/freertos_kernel/tasks.o
                0x0000632c                vTaskPlaceOnEventListRestricted
 .text.xTaskRemoveFromEventList
                0x00006380       0xc4 ./amazon-freertos/freertos_kernel/tasks.o
                0x00006380                xTaskRemoveFromEventList
 .text.vTaskInternalSetTimeOutState
                0x00006444       0x2c ./amazon-freertos/freertos_kernel/tasks.o
                0x00006444                vTaskInternalSetTimeOutState
 .text.xTaskCheckForTimeOut
                0x00006470       0xc0 ./amazon-freertos/freertos_kernel/tasks.o
                0x00006470                xTaskCheckForTimeOut
 .text.vTaskMissedYield
                0x00006530       0x18 ./amazon-freertos/freertos_kernel/tasks.o
                0x00006530                vTaskMissedYield
 .text.prvIdleTask
                0x00006548       0x30 ./amazon-freertos/freertos_kernel/tasks.o
 .text.prvInitialiseTaskLists
                0x00006578       0x80 ./amazon-freertos/freertos_kernel/tasks.o
 .text.prvCheckTasksWaitingTermination
                0x000065f8       0x58 ./amazon-freertos/freertos_kernel/tasks.o
 .text.prvResetNextTaskUnblockTime
                0x00006650       0x40 ./amazon-freertos/freertos_kernel/tasks.o
 .text.xTaskGetSchedulerState
                0x00006690       0x3c ./amazon-freertos/freertos_kernel/tasks.o
                0x00006690                xTaskGetSchedulerState
 .text.xTaskPriorityInherit
                0x000066cc      0x100 ./amazon-freertos/freertos_kernel/tasks.o
                0x000066cc                xTaskPriorityInherit
 .text.xTaskPriorityDisinherit
                0x000067cc      0x108 ./amazon-freertos/freertos_kernel/tasks.o
                0x000067cc                xTaskPriorityDisinherit
 .text.vTaskPriorityDisinheritAfterTimeout
                0x000068d4      0x130 ./amazon-freertos/freertos_kernel/tasks.o
                0x000068d4                vTaskPriorityDisinheritAfterTimeout
 .text.pvTaskIncrementMutexHeldCount
                0x00006a04       0x28 ./amazon-freertos/freertos_kernel/tasks.o
                0x00006a04                pvTaskIncrementMutexHeldCount
 .text.prvAddCurrentTaskToDelayedList
                0x00006a2c       0xcc ./amazon-freertos/freertos_kernel/tasks.o
 .text.xTimerCreateTimerTask
                0x00006af8       0x60 ./amazon-freertos/freertos_kernel/timers.o
                0x00006af8                xTimerCreateTimerTask
 .text.xTimerGenericCommand
                0x00006b58       0x98 ./amazon-freertos/freertos_kernel/timers.o
                0x00006b58                xTimerGenericCommand
 .text.prvProcessExpiredTimer
                0x00006bf0       0x98 ./amazon-freertos/freertos_kernel/timers.o
 .text.prvProcessTimerOrBlockTask
                0x00006c88       0x9c ./amazon-freertos/freertos_kernel/timers.o
 .text.prvGetNextExpireTime
                0x00006d24       0x48 ./amazon-freertos/freertos_kernel/timers.o
 .text.prvSampleTimeNow
                0x00006d6c       0x40 ./amazon-freertos/freertos_kernel/timers.o
 .text.prvInsertTimerInActiveList
                0x00006dac       0x84 ./amazon-freertos/freertos_kernel/timers.o
 .text.prvProcessReceivedCommands
                0x00006e30      0x1b8 ./amazon-freertos/freertos_kernel/timers.o
 .text.prvSwitchTimerLists
                0x00006fe8       0xc8 ./amazon-freertos/freertos_kernel/timers.o
 .text.prvCheckForValidListAndQueue
                0x000070b0       0x6c ./amazon-freertos/freertos_kernel/timers.o
 .text.__assertion_failed
                0x0000711c       0x4c c:/nxp/mcuxpressoide_11.1.0_3209/ide/plugins/com.nxp.mcuxpresso.tools.win32_11.1.0.201909161352/tools/bin/../lib/gcc/arm-none-eabi/8.3.1/../../../../arm-none-eabi/lib/thumb/v7e-m+fp/hard\libcr_nohost_nf.a(_cr_assert.o)
                0x0000711c                __assertion_failed
 .text.atan2f   0x00007168       0xc0 c:/nxp/mcuxpressoide_11.1.0_3209/ide/plugins/com.nxp.mcuxpresso.tools.win32_11.1.0.201909161352/tools/bin/../lib/gcc/arm-none-eabi/8.3.1/../../../../arm-none-eabi/lib/thumb/v7e-m+fp/hard\libcr_c.a(atan2f.o)
                0x00007168                atan2f
 .text.atanf    0x00007228       0xf0 c:/nxp/mcuxpressoide_11.1.0_3209/ide/plugins/com.nxp.mcuxpresso.tools.win32_11.1.0.201909161352/tools/bin/../lib/gcc/arm-none-eabi/8.3.1/../../../../arm-none-eabi/lib/thumb/v7e-m+fp/hard\libcr_c.a(atanf.o)
                0x00007228                atanf
 .text._Cwritebuf
                0x00007318       0x6c c:/nxp/mcuxpressoide_11.1.0_3209/ide/plugins/com.nxp.mcuxpresso.tools.win32_11.1.0.201909161352/tools/bin/../lib/gcc/arm-none-eabi/8.3.1/../../../../arm-none-eabi/lib/thumb/v7e-m+fp/hard\libcr_c.a(_writebuf.o)
                0x00007318                _Cwritebuf
 .text.malloc   0x00007384       0xc8 c:/nxp/mcuxpressoide_11.1.0_3209/ide/plugins/com.nxp.mcuxpresso.tools.win32_11.1.0.201909161352/tools/bin/../lib/gcc/arm-none-eabi/8.3.1/../../../../arm-none-eabi/lib/thumb/v7e-m+fp/hard\libcr_c.a(alloc.o)
                0x00007384                malloc
 .text._Csys_alloc
                0x0000744c       0x20 c:/nxp/mcuxpressoide_11.1.0_3209/ide/plugins/com.nxp.mcuxpresso.tools.win32_11.1.0.201909161352/tools/bin/../lib/gcc/arm-none-eabi/8.3.1/../../../../arm-none-eabi/lib/thumb/v7e-m+fp/hard\libcr_c.a(alloc.o)
                0x0000744c                _Csys_alloc
 .text.fseek    0x0000746c      0x100 c:/nxp/mcuxpressoide_11.1.0_3209/ide/plugins/com.nxp.mcuxpresso.tools.win32_11.1.0.201909161352/tools/bin/../lib/gcc/arm-none-eabi/8.3.1/../../../../arm-none-eabi/lib/thumb/v7e-m+fp/hard\libcr_c.a(fseek.o)
                0x0000746c                fseek
 .text.ftell    0x0000756c       0x48 c:/nxp/mcuxpressoide_11.1.0_3209/ide/plugins/com.nxp.mcuxpresso.tools.win32_11.1.0.201909161352/tools/bin/../lib/gcc/arm-none-eabi/8.3.1/../../../../arm-none-eabi/lib/thumb/v7e-m+fp/hard\libcr_c.a(ftell.o)
                0x0000756c                ftell
 .text._initio  0x000075b4       0x78 c:/nxp/mcuxpressoide_11.1.0_3209/ide/plugins/com.nxp.mcuxpresso.tools.win32_11.1.0.201909161352/tools/bin/../lib/gcc/arm-none-eabi/8.3.1/../../../../arm-none-eabi/lib/thumb/v7e-m+fp/hard\libcr_c.a(initio.o)
                0x000075b4                _initio
 .text.setvbuf  0x0000762c       0x40 c:/nxp/mcuxpressoide_11.1.0_3209/ide/plugins/com.nxp.mcuxpresso.tools.win32_11.1.0.201909161352/tools/bin/../lib/gcc/arm-none-eabi/8.3.1/../../../../arm-none-eabi/lib/thumb/v7e-m+fp/hard\libcr_c.a(setvbuf.o)
                0x0000762c                setvbuf
 .text._asinacosf
                0x0000766c      0x158 c:/nxp/mcuxpressoide_11.1.0_3209/ide/plugins/com.nxp.mcuxpresso.tools.win32_11.1.0.201909161352/tools/bin/../lib/gcc/arm-none-eabi/8.3.1/../../../../arm-none-eabi/lib/thumb/v7e-m+fp/hard\libcr_c.a(_asinacosf.o)
                0x0000766c                _asinacosf
 .text._sbrk    0x000077c4       0x3c c:/nxp/mcuxpressoide_11.1.0_3209/ide/plugins/com.nxp.mcuxpresso.tools.win32_11.1.0.201909161352/tools/bin/../lib/gcc/arm-none-eabi/8.3.1/../../../../arm-none-eabi/lib/thumb/v7e-m+fp/hard\libcr_c.a(_cr_sbrk.o)
                0x000077c4                _sbrk
 .text.fflush   0x00007800       0x44 c:/nxp/mcuxpressoide_11.1.0_3209/ide/plugins/com.nxp.mcuxpresso.tools.win32_11.1.0.201909161352/tools/bin/../lib/gcc/arm-none-eabi/8.3.1/../../../../arm-none-eabi/lib/thumb/v7e-m+fp/hard\libcr_c.a(fflush.o)
                0x00007800                fflush
 .text.__check_heap_overflow
                0x00007844       0x18 c:/nxp/mcuxpressoide_11.1.0_3209/ide/plugins/com.nxp.mcuxpresso.tools.win32_11.1.0.201909161352/tools/bin/../lib/gcc/arm-none-eabi/8.3.1/../../../../arm-none-eabi/lib/thumb/v7e-m+fp/hard\libcr_c.a(_cr_check_heap.o)
                0x00007844                __check_heap_overflow
 .text.__aeabi_dmul
                0x0000785c      0x114 c:/nxp/mcuxpressoide_11.1.0_3209/ide/plugins/com.nxp.mcuxpresso.tools.win32_11.1.0.201909161352/tools/bin/../lib/gcc/arm-none-eabi/8.3.1/thumb/v7e-m+fp/hard\libcr_eabihelpers.a(double.o)
                0x0000785c                __aeabi_dmul
 .text.__aeabi_ddiv
                0x00007970      0x150 c:/nxp/mcuxpressoide_11.1.0_3209/ide/plugins/com.nxp.mcuxpresso.tools.win32_11.1.0.201909161352/tools/bin/../lib/gcc/arm-none-eabi/8.3.1/thumb/v7e-m+fp/hard\libcr_eabihelpers.a(double.o)
                0x00007970                __aeabi_ddiv
 .text.__aeabi_dsub
                0x00007ac0      0x1ac c:/nxp/mcuxpressoide_11.1.0_3209/ide/plugins/com.nxp.mcuxpresso.tools.win32_11.1.0.201909161352/tools/bin/../lib/gcc/arm-none-eabi/8.3.1/thumb/v7e-m+fp/hard\libcr_eabihelpers.a(double.o)
                0x00007ac0                __aeabi_dsub
 .text.__aeabi_dadd
                0x00007c6c      0x114 c:/nxp/mcuxpressoide_11.1.0_3209/ide/plugins/com.nxp.mcuxpresso.tools.win32_11.1.0.201909161352/tools/bin/../lib/gcc/arm-none-eabi/8.3.1/thumb/v7e-m+fp/hard\libcr_eabihelpers.a(double.o)
                0x00007c6c                __aeabi_dadd
 .text.__aeabi_d2f
                0x00007d80       0x50 c:/nxp/mcuxpressoide_11.1.0_3209/ide/plugins/com.nxp.mcuxpresso.tools.win32_11.1.0.201909161352/tools/bin/../lib/gcc/arm-none-eabi/8.3.1/thumb/v7e-m+fp/hard\libcr_eabihelpers.a(double.o)
                0x00007d80                __aeabi_d2f
 .text.__aeabi_f2d
                0x00007dd0       0x38 c:/nxp/mcuxpressoide_11.1.0_3209/ide/plugins/com.nxp.mcuxpresso.tools.win32_11.1.0.201909161352/tools/bin/../lib/gcc/arm-none-eabi/8.3.1/thumb/v7e-m+fp/hard\libcr_eabihelpers.a(float.o)
                0x00007dd0                __aeabi_f2d
 .text.DbgConsole_PrintCallback
                0x00007e08       0x64 ./utilities/fsl_debug_console.o
 .text.ConvertRadixNumToString
                0x00007e6c      0x114 ./utilities/fsl_str.o
 .text.StrFormatPrintf
                0x00007f80      0x30c ./utilities/fsl_str.o
                0x00007f80                StrFormatPrintf
 .text.DMA0_DMA16_IRQHandler
                0x0000828c        0x8 ./startup/startup_mk66f18.o
                0x0000828c                DMA0_DMA16_IRQHandler
 .text.DMA1_DMA17_IRQHandler
                0x00008294        0x8 ./startup/startup_mk66f18.o
                0x00008294                DMA1_DMA17_IRQHandler
 .text.DMA2_DMA18_IRQHandler
                0x0000829c        0x8 ./startup/startup_mk66f18.o
                0x0000829c                DMA2_DMA18_IRQHandler
 .text.DMA3_DMA19_IRQHandler
                0x000082a4        0x8 ./startup/startup_mk66f18.o
                0x000082a4                DMA3_DMA19_IRQHandler
 .text.DMA4_DMA20_IRQHandler
                0x000082ac        0x8 ./startup/startup_mk66f18.o
                0x000082ac                DMA4_DMA20_IRQHandler
 .text.DMA5_DMA21_IRQHandler
                0x000082b4        0x8 ./startup/startup_mk66f18.o
                0x000082b4                DMA5_DMA21_IRQHandler
 .text.DMA6_DMA22_IRQHandler
                0x000082bc        0x8 ./startup/startup_mk66f18.o
                0x000082bc                DMA6_DMA22_IRQHandler
 .text.DMA7_DMA23_IRQHandler
                0x000082c4        0x8 ./startup/startup_mk66f18.o
                0x000082c4                DMA7_DMA23_IRQHandler
 .text.DMA8_DMA24_IRQHandler
                0x000082cc        0x8 ./startup/startup_mk66f18.o
                0x000082cc                DMA8_DMA24_IRQHandler
 .text.DMA9_DMA25_IRQHandler
                0x000082d4        0x8 ./startup/startup_mk66f18.o
                0x000082d4                DMA9_DMA25_IRQHandler
 .text.DMA10_DMA26_IRQHandler
                0x000082dc        0x8 ./startup/startup_mk66f18.o
                0x000082dc                DMA10_DMA26_IRQHandler
 .text.DMA11_DMA27_IRQHandler
                0x000082e4        0x8 ./startup/startup_mk66f18.o
                0x000082e4                DMA11_DMA27_IRQHandler
 .text.DMA12_DMA28_IRQHandler
                0x000082ec        0x8 ./startup/startup_mk66f18.o
                0x000082ec                DMA12_DMA28_IRQHandler
 .text.DMA13_DMA29_IRQHandler
                0x000082f4        0x8 ./startup/startup_mk66f18.o
                0x000082f4                DMA13_DMA29_IRQHandler
 .text.DMA14_DMA30_IRQHandler
                0x000082fc        0x8 ./startup/startup_mk66f18.o
                0x000082fc                DMA14_DMA30_IRQHandler
 .text.DMA15_DMA31_IRQHandler
                0x00008304        0x8 ./startup/startup_mk66f18.o
                0x00008304                DMA15_DMA31_IRQHandler
 .text.DMA_Error_IRQHandler
                0x0000830c        0x8 ./startup/startup_mk66f18.o
                0x0000830c                DMA_Error_IRQHandler
 .text.MCM_IRQHandler
                0x00008314        0x8 ./startup/startup_mk66f18.o
                0x00008314                MCM_IRQHandler
 .text.FTFE_IRQHandler
                0x0000831c        0x8 ./startup/startup_mk66f18.o
                0x0000831c                FTFE_IRQHandler
 .text.Read_Collision_IRQHandler
                0x00008324        0x8 ./startup/startup_mk66f18.o
                0x00008324                Read_Collision_IRQHandler
 .text.LVD_LVW_IRQHandler
                0x0000832c        0x8 ./startup/startup_mk66f18.o
                0x0000832c                LVD_LVW_IRQHandler
 .text.LLWU_IRQHandler
                0x00008334        0x8 ./startup/startup_mk66f18.o
                0x00008334                LLWU_IRQHandler
 .text.WDOG_EWM_IRQHandler
                0x0000833c        0x8 ./startup/startup_mk66f18.o
                0x0000833c                WDOG_EWM_IRQHandler
 .text.RNG_IRQHandler
                0x00008344        0x8 ./startup/startup_mk66f18.o
                0x00008344                RNG_IRQHandler
 .text.I2C0_IRQHandler
                0x0000834c        0x8 ./startup/startup_mk66f18.o
                0x0000834c                I2C0_IRQHandler
 .text.I2C1_IRQHandler
                0x00008354        0x8 ./startup/startup_mk66f18.o
                0x00008354                I2C1_IRQHandler
 .text.SPI0_IRQHandler
                0x0000835c        0x8 ./startup/startup_mk66f18.o
                0x0000835c                SPI0_IRQHandler
 .text.SPI1_IRQHandler
                0x00008364        0x8 ./startup/startup_mk66f18.o
                0x00008364                SPI1_IRQHandler
 .text.I2S0_Tx_IRQHandler
                0x0000836c        0x8 ./startup/startup_mk66f18.o
                0x0000836c                I2S0_Tx_IRQHandler
 .text.I2S0_Rx_IRQHandler
                0x00008374        0x8 ./startup/startup_mk66f18.o
                0x00008374                I2S0_Rx_IRQHandler
 .text.Reserved46_IRQHandler
                0x0000837c        0x8 ./startup/startup_mk66f18.o
                0x0000837c                Reserved46_IRQHandler
 .text.UART0_RX_TX_IRQHandler
                0x00008384        0x8 ./startup/startup_mk66f18.o
                0x00008384                UART0_RX_TX_IRQHandler
 .text.UART0_ERR_IRQHandler
                0x0000838c        0x8 ./startup/startup_mk66f18.o
                0x0000838c                UART0_ERR_IRQHandler
 .text.UART1_RX_TX_IRQHandler
                0x00008394        0x8 ./startup/startup_mk66f18.o
                0x00008394                UART1_RX_TX_IRQHandler
 .text.UART1_ERR_IRQHandler
                0x0000839c        0x8 ./startup/startup_mk66f18.o
                0x0000839c                UART1_ERR_IRQHandler
 .text.UART2_RX_TX_IRQHandler
                0x000083a4        0x8 ./startup/startup_mk66f18.o
                0x000083a4                UART2_RX_TX_IRQHandler
 .text.UART2_ERR_IRQHandler
                0x000083ac        0x8 ./startup/startup_mk66f18.o
                0x000083ac                UART2_ERR_IRQHandler
 .text.UART3_RX_TX_IRQHandler
                0x000083b4        0x8 ./startup/startup_mk66f18.o
                0x000083b4                UART3_RX_TX_IRQHandler
 .text.UART3_ERR_IRQHandler
                0x000083bc        0x8 ./startup/startup_mk66f18.o
                0x000083bc                UART3_ERR_IRQHandler
 .text.ADC0_IRQHandler
                0x000083c4        0x8 ./startup/startup_mk66f18.o
                0x000083c4                ADC0_IRQHandler
 .text.CMP0_IRQHandler
                0x000083cc        0x8 ./startup/startup_mk66f18.o
                0x000083cc                CMP0_IRQHandler
 .text.CMP1_IRQHandler
                0x000083d4        0x8 ./startup/startup_mk66f18.o
                0x000083d4                CMP1_IRQHandler
 .text.FTM0_IRQHandler
                0x000083dc        0x8 ./startup/startup_mk66f18.o
                0x000083dc                FTM0_IRQHandler
 .text.FTM1_IRQHandler
                0x000083e4        0x8 ./startup/startup_mk66f18.o
                0x000083e4                FTM1_IRQHandler
 .text.FTM2_IRQHandler
                0x000083ec        0x8 ./startup/startup_mk66f18.o
                0x000083ec                FTM2_IRQHandler
 .text.CMT_IRQHandler
                0x000083f4        0x8 ./startup/startup_mk66f18.o
                0x000083f4                CMT_IRQHandler
 .text.RTC_IRQHandler
                0x000083fc        0x8 ./startup/startup_mk66f18.o
                0x000083fc                RTC_IRQHandler
 .text.RTC_Seconds_IRQHandler
                0x00008404        0x8 ./startup/startup_mk66f18.o
                0x00008404                RTC_Seconds_IRQHandler
 .text.PIT0_IRQHandler
                0x0000840c        0x8 ./startup/startup_mk66f18.o
                0x0000840c                PIT0_IRQHandler
 .text.PIT1_IRQHandler
                0x00008414        0x8 ./startup/startup_mk66f18.o
                0x00008414                PIT1_IRQHandler
 .text.PIT2_IRQHandler
                0x0000841c        0x8 ./startup/startup_mk66f18.o
                0x0000841c                PIT2_IRQHandler
 .text.PIT3_IRQHandler
                0x00008424        0x8 ./startup/startup_mk66f18.o
                0x00008424                PIT3_IRQHandler
 .text.PDB0_IRQHandler
                0x0000842c        0x8 ./startup/startup_mk66f18.o
                0x0000842c                PDB0_IRQHandler
 .text.USB0_IRQHandler
                0x00008434        0x8 ./startup/startup_mk66f18.o
                0x00008434                USB0_IRQHandler
 .text.USBDCD_IRQHandler
                0x0000843c        0x8 ./startup/startup_mk66f18.o
                0x0000843c                USBDCD_IRQHandler
 .text.Reserved71_IRQHandler
                0x00008444        0x8 ./startup/startup_mk66f18.o
                0x00008444                Reserved71_IRQHandler
 .text.DAC0_IRQHandler
                0x0000844c        0x8 ./startup/startup_mk66f18.o
                0x0000844c                DAC0_IRQHandler
 .text.MCG_IRQHandler
                0x00008454        0x8 ./startup/startup_mk66f18.o
                0x00008454                MCG_IRQHandler
 .text.LPTMR0_IRQHandler
                0x0000845c        0x8 ./startup/startup_mk66f18.o
                0x0000845c                LPTMR0_IRQHandler
 .text.PORTA_IRQHandler
                0x00008464        0x8 ./startup/startup_mk66f18.o
                0x00008464                PORTA_IRQHandler
 .text.PORTB_IRQHandler
                0x0000846c        0x8 ./startup/startup_mk66f18.o
                0x0000846c                PORTB_IRQHandler
 .text.PORTC_IRQHandler
                0x00008474        0x8 ./startup/startup_mk66f18.o
                0x00008474                PORTC_IRQHandler
 .text.PORTD_IRQHandler
                0x0000847c        0x8 ./startup/startup_mk66f18.o
                0x0000847c                PORTD_IRQHandler
 .text.PORTE_IRQHandler
                0x00008484        0x8 ./startup/startup_mk66f18.o
                0x00008484                PORTE_IRQHandler
 .text.SWI_IRQHandler
                0x0000848c        0x8 ./startup/startup_mk66f18.o
                0x0000848c                SWI_IRQHandler
 .text.SPI2_IRQHandler
                0x00008494        0x8 ./startup/startup_mk66f18.o
                0x00008494                SPI2_IRQHandler
 .text.UART4_RX_TX_IRQHandler
                0x0000849c        0x8 ./startup/startup_mk66f18.o
                0x0000849c                UART4_RX_TX_IRQHandler
 .text.UART4_ERR_IRQHandler
                0x000084a4        0x8 ./startup/startup_mk66f18.o
                0x000084a4                UART4_ERR_IRQHandler
 .text.Reserved84_IRQHandler
                0x000084ac        0x8 ./startup/startup_mk66f18.o
                0x000084ac                Reserved84_IRQHandler
 .text.Reserved85_IRQHandler
                0x000084b4        0x8 ./startup/startup_mk66f18.o
                0x000084b4                Reserved85_IRQHandler
 .text.CMP2_IRQHandler
                0x000084bc        0x8 ./startup/startup_mk66f18.o
                0x000084bc                CMP2_IRQHandler
 .text.FTM3_IRQHandler
                0x000084c4        0x8 ./startup/startup_mk66f18.o
                0x000084c4                FTM3_IRQHandler
 .text.DAC1_IRQHandler
                0x000084cc        0x8 ./startup/startup_mk66f18.o
                0x000084cc                DAC1_IRQHandler
 .text.ADC1_IRQHandler
                0x000084d4        0x8 ./startup/startup_mk66f18.o
                0x000084d4                ADC1_IRQHandler
 .text.I2C2_IRQHandler
                0x000084dc        0x8 ./startup/startup_mk66f18.o
                0x000084dc                I2C2_IRQHandler
 .text.CAN0_ORed_Message_buffer_IRQHandler
                0x000084e4        0x8 ./startup/startup_mk66f18.o
                0x000084e4                CAN0_ORed_Message_buffer_IRQHandler
 .text.CAN0_Bus_Off_IRQHandler
                0x000084ec        0x8 ./startup/startup_mk66f18.o
                0x000084ec                CAN0_Bus_Off_IRQHandler
 .text.CAN0_Error_IRQHandler
                0x000084f4        0x8 ./startup/startup_mk66f18.o
                0x000084f4                CAN0_Error_IRQHandler
 .text.CAN0_Tx_Warning_IRQHandler
                0x000084fc        0x8 ./startup/startup_mk66f18.o
                0x000084fc                CAN0_Tx_Warning_IRQHandler
 .text.CAN0_Rx_Warning_IRQHandler
                0x00008504        0x8 ./startup/startup_mk66f18.o
                0x00008504                CAN0_Rx_Warning_IRQHandler
 .text.CAN0_Wake_Up_IRQHandler
                0x0000850c        0x8 ./startup/startup_mk66f18.o
                0x0000850c                CAN0_Wake_Up_IRQHandler
 .text.SDHC_IRQHandler
                0x00008514        0x8 ./startup/startup_mk66f18.o
                0x00008514                SDHC_IRQHandler
 .text.ENET_1588_Timer_IRQHandler
                0x0000851c        0x8 ./startup/startup_mk66f18.o
                0x0000851c                ENET_1588_Timer_IRQHandler
 .text.ENET_Transmit_IRQHandler
                0x00008524        0x8 ./startup/startup_mk66f18.o
                0x00008524                ENET_Transmit_IRQHandler
 .text.ENET_Receive_IRQHandler
                0x0000852c        0x8 ./startup/startup_mk66f18.o
                0x0000852c                ENET_Receive_IRQHandler
 .text.ENET_Error_IRQHandler
                0x00008534        0x8 ./startup/startup_mk66f18.o
                0x00008534                ENET_Error_IRQHandler
 .text.LPUART0_IRQHandler
                0x0000853c        0x8 ./startup/startup_mk66f18.o
                0x0000853c                LPUART0_IRQHandler
 .text.TSI0_IRQHandler
                0x00008544        0x8 ./startup/startup_mk66f18.o
                0x00008544                TSI0_IRQHandler
 .text.TPM1_IRQHandler
                0x0000854c        0x8 ./startup/startup_mk66f18.o
                0x0000854c                TPM1_IRQHandler
 .text.TPM2_IRQHandler
                0x00008554        0x8 ./startup/startup_mk66f18.o
                0x00008554                TPM2_IRQHandler
 .text.USBHSDCD_IRQHandler
                0x0000855c        0x8 ./startup/startup_mk66f18.o
                0x0000855c                USBHSDCD_IRQHandler
 .text.I2C3_IRQHandler
                0x00008564        0x8 ./startup/startup_mk66f18.o
                0x00008564                I2C3_IRQHandler
 .text.CMP3_IRQHandler
                0x0000856c        0x8 ./startup/startup_mk66f18.o
                0x0000856c                CMP3_IRQHandler
 .text.USBHS_IRQHandler
                0x00008574        0x8 ./startup/startup_mk66f18.o
                0x00008574                USBHS_IRQHandler
 .text.CAN1_ORed_Message_buffer_IRQHandler
                0x0000857c        0x8 ./startup/startup_mk66f18.o
                0x0000857c                CAN1_ORed_Message_buffer_IRQHandler
 .text.CAN1_Bus_Off_IRQHandler
                0x00008584        0x8 ./startup/startup_mk66f18.o
                0x00008584                CAN1_Bus_Off_IRQHandler
 .text.CAN1_Error_IRQHandler
                0x0000858c        0x8 ./startup/startup_mk66f18.o
                0x0000858c                CAN1_Error_IRQHandler
 .text.CAN1_Tx_Warning_IRQHandler
                0x00008594        0x8 ./startup/startup_mk66f18.o
                0x00008594                CAN1_Tx_Warning_IRQHandler
 .text.CAN1_Rx_Warning_IRQHandler
                0x0000859c        0x8 ./startup/startup_mk66f18.o
                0x0000859c                CAN1_Rx_Warning_IRQHandler
 .text.CAN1_Wake_Up_IRQHandler
                0x000085a4        0x8 ./startup/startup_mk66f18.o
                0x000085a4                CAN1_Wake_Up_IRQHandler
 .text.get_accelerometer
                0x000085ac       0x7c ./source/BMI160.o
                0x000085ac                get_accelerometer
 .text.get_giroscope
                0x00008628       0x7c ./source/BMI160.o
                0x00008628                get_giroscope
 .text.CLOCK_EnableClock
                0x000086a4       0x34 ./source/freertos_I2C.o
 .text.CLOCK_EnableClock
                0x000086d8       0x34 ./source/freertos_uart.o
 .text.PORT_SetPinMux
                0x0000870c       0x3a ./source/freertos_uart.o
 .text.HardFault_Handler
                0x00008746       0x2c ./source/semihost_hardfault.o
                0x00008746                HardFault_Handler
 .text.CLOCK_EnableClock
                0x00008772       0x34 ./drivers/fsl_clock.o
 .text.CLOCK_DisableClock
                0x000087a6       0x38 ./drivers/fsl_clock.o
 .text.OSC_SetExtRefClkConfig
                0x000087de       0x40 ./drivers/fsl_clock.o
 .text.OSC_SetCapLoad
                0x0000881e       0x34 ./drivers/fsl_clock.o
 .text.CLOCK_GetPll0RefFreq
                0x00008852        0xe ./drivers/fsl_clock.o
 .text.CLOCK_GetFixedFreqClkFreq
                0x00008860       0x34 ./drivers/fsl_clock.o
                0x00008860                CLOCK_GetFixedFreqClkFreq
 .text.CLOCK_EnableClock
                0x00008894       0x34 ./drivers/fsl_i2c.o
 .text.EnableIRQ
                0x000088c8       0x2c ./drivers/fsl_i2c.o
 .text.I2C_MasterClearStatusFlags
                0x000088f4       0x5a ./drivers/fsl_i2c.o
 .text.I2C_InitTransferStateMachine
                0x0000894e       0xd4 ./drivers/fsl_i2c.o
 .text.I2C_CheckAndClearError
                0x00008a22       0x44 ./drivers/fsl_i2c.o
 .text.I2C_EnableInterrupts
                0x00008a66       0x56 ./drivers/fsl_i2c.o
                0x00008a66                I2C_EnableInterrupts
 .text.I2C_DisableInterrupts
                0x00008abc       0x4a ./drivers/fsl_i2c.o
                0x00008abc                I2C_DisableInterrupts
 .text.I2C_MasterStart
                0x00008b06       0x62 ./drivers/fsl_i2c.o
                0x00008b06                I2C_MasterStart
 .text.I2C_MasterRepeatedStart
                0x00008b68       0x9a ./drivers/fsl_i2c.o
                0x00008b68                I2C_MasterRepeatedStart
 .text.I2C_MasterStop
                0x00008c02       0x3a ./drivers/fsl_i2c.o
                0x00008c02                I2C_MasterStop
 .text.I2C_MasterGetStatusFlags
                0x00008c3c       0x4a ./drivers/fsl_i2c.o
                0x00008c3c                I2C_MasterGetStatusFlags
 .text.SMC_SetPowerModeHsrun
                0x00008c86       0x36 ./drivers/fsl_smc.o
                0x00008c86                SMC_SetPowerModeHsrun
 .text.CLOCK_EnableClock
                0x00008cbc       0x34 ./drivers/fsl_uart.o
 .text.EnableIRQ
                0x00008cf0       0x2c ./drivers/fsl_uart.o
 .text.UART_GetStatusFlags
                0x00008d1c       0x48 ./drivers/fsl_uart.o
                0x00008d1c                UART_GetStatusFlags
 .text.UART_WriteBlocking
                0x00008d64       0x4e ./drivers/fsl_uart.o
                0x00008d64                UART_WriteBlocking
 .text.UART0_RX_TX_DriverIRQHandler
                0x00008db2       0x10 ./drivers/fsl_uart.o
                0x00008db2                UART0_RX_TX_DriverIRQHandler
 .text.UART1_RX_TX_DriverIRQHandler
                0x00008dc2       0x10 ./drivers/fsl_uart.o
                0x00008dc2                UART1_RX_TX_DriverIRQHandler
 .text.UART2_RX_TX_DriverIRQHandler
                0x00008dd2       0x10 ./drivers/fsl_uart.o
                0x00008dd2                UART2_RX_TX_DriverIRQHandler
 .text.UART3_RX_TX_DriverIRQHandler
                0x00008de2       0x10 ./drivers/fsl_uart.o
                0x00008de2                UART3_RX_TX_DriverIRQHandler
 .text.UART4_RX_TX_DriverIRQHandler
                0x00008df2       0x10 ./drivers/fsl_uart.o
                0x00008df2                UART4_RX_TX_DriverIRQHandler
 .text.SystemInitHook
                0x00008e02        0xe ./device/system_MK66F18.o
                0x00008e02                SystemInitHook
 .text.HAL_UartGetStatus
                0x00008e10       0x22 ./component/uart/uart_adapter.o
 .text.DisableGlobalIRQ
                0x00008e32       0x20 ./component/serial_manager/serial_manager.o
 .text.EnableGlobalIRQ
                0x00008e52       0x1e ./component/serial_manager/serial_manager.o
 .text.SerialManager_StartWriting
                0x00008e70       0x4a ./component/serial_manager/serial_manager.o
 .text.SerialManager_WriteBlocking
                0x00008eba       0x20 ./component/serial_manager/serial_manager.o
                0x00008eba                SerialManager_WriteBlocking
 .text.BOARD_InitDebugConsole
                0x00008eda       0x22 ./board/board.o
                0x00008eda                BOARD_InitDebugConsole
 .text.CLOCK_EnableClock
                0x00008efc       0x34 ./board/clock_config.o
 .text.CLOCK_DisableClock
                0x00008f30       0x38 ./board/clock_config.o
 .text.SMC_SetPowerModeProtection
                0x00008f68       0x1e ./board/clock_config.o
 .text.SMC_GetPowerModeState
                0x00008f86       0x1a ./board/clock_config.o
 .text.RTC_SetOscCapLoad
                0x00008fa0       0x32 ./board/clock_config.o
 .text.BOARD_InitBootClocks
                0x00008fd2        0xc ./board/clock_config.o
                0x00008fd2                BOARD_InitBootClocks
 .text.BOARD_InitPeripherals
                0x00008fde        0xe ./board/peripherals.o
                0x00008fde                BOARD_InitPeripherals
 .text.BOARD_InitBootPeripherals
                0x00008fec        0xc ./board/peripherals.o
                0x00008fec                BOARD_InitBootPeripherals
 .text.CLOCK_EnableClock
                0x00008ff8       0x34 ./board/pin_mux.o
 .text.PORT_SetPinMux
                0x0000902c       0x3a ./board/pin_mux.o
 .text.BOARD_InitBootPins
                0x00009066       0x10 ./board/pin_mux.o
                0x00009066                BOARD_InitBootPins
 .text.vListInitialise
                0x00009076       0x40 ./amazon-freertos/freertos_kernel/list.o
                0x00009076                vListInitialise
 .text.vListInitialiseItem
                0x000090b6       0x1a ./amazon-freertos/freertos_kernel/list.o
                0x000090b6                vListInitialiseItem
 .text.vListInsertEnd
                0x000090d0       0x48 ./amazon-freertos/freertos_kernel/list.o
                0x000090d0                vListInsertEnd
 .text.vListInsert
                0x00009118       0x72 ./amazon-freertos/freertos_kernel/list.o
                0x00009118                vListInsert
 .text.uxListRemove
                0x0000918a       0x54 ./amazon-freertos/freertos_kernel/list.o
                0x0000918a                uxListRemove
 .text.xQueueGenericCreate
                0x000091de       0x76 ./amazon-freertos/freertos_kernel/queue.o
                0x000091de                xQueueGenericCreate
 .text.prvInitialiseNewQueue
                0x00009254       0x46 ./amazon-freertos/freertos_kernel/queue.o
 .text.prvInitialiseMutex
                0x0000929a       0x34 ./amazon-freertos/freertos_kernel/queue.o
 .text.xQueueCreateMutex
                0x000092ce       0x30 ./amazon-freertos/freertos_kernel/queue.o
                0x000092ce                xQueueCreateMutex
 .text.xQueueGenericSendFromISR
                0x000092fe      0x128 ./amazon-freertos/freertos_kernel/queue.o
                0x000092fe                xQueueGenericSendFromISR
 .text.xQueueGiveFromISR
                0x00009426      0x112 ./amazon-freertos/freertos_kernel/queue.o
                0x00009426                xQueueGiveFromISR
 .text.prvGetDisinheritPriorityAfterTimeout
                0x00009538       0x30 ./amazon-freertos/freertos_kernel/queue.o
 .text.prvCopyDataToQueue
                0x00009568       0xd4 ./amazon-freertos/freertos_kernel/queue.o
 .text.prvCopyDataFromQueue
                0x0000963c       0x4c ./amazon-freertos/freertos_kernel/queue.o
 .text.prvUnlockQueue
                0x00009688       0xa4 ./amazon-freertos/freertos_kernel/queue.o
 .text.prvIsQueueEmpty
                0x0000972c       0x2c ./amazon-freertos/freertos_kernel/queue.o
 .text.prvIsQueueFull
                0x00009758       0x30 ./amazon-freertos/freertos_kernel/queue.o
 .text.vQueueWaitForMessageRestricted
                0x00009788       0x68 ./amazon-freertos/freertos_kernel/queue.o
                0x00009788                vQueueWaitForMessageRestricted
 .text.xTaskCreate
                0x000097f0       0x82 ./amazon-freertos/freertos_kernel/tasks.o
                0x000097f0                xTaskCreate
 .text.prvInitialiseNewTask
                0x00009872      0x13a ./amazon-freertos/freertos_kernel/tasks.o
 .text.prvDeleteTCB
                0x000099ac       0x20 ./amazon-freertos/freertos_kernel/tasks.o
 .text.prvTimerTask
                0x000099cc       0x24 ./amazon-freertos/freertos_kernel/timers.o
 .text.__main   0x000099f0        0xe c:/nxp/mcuxpressoide_11.1.0_3209/ide/plugins/com.nxp.mcuxpresso.tools.win32_11.1.0.201909161352/tools/bin/../lib/gcc/arm-none-eabi/8.3.1/../../../../arm-none-eabi/lib/thumb/v7e-m+fp/hard\libcr_nohost_nf.a(_cr__main.o)
                0x000099f0                __main
 .text.__sys_appexit
                0x000099fe        0x2 c:/nxp/mcuxpressoide_11.1.0_3209/ide/plugins/com.nxp.mcuxpresso.tools.win32_11.1.0.201909161352/tools/bin/../lib/gcc/arm-none-eabi/8.3.1/../../../../arm-none-eabi/lib/thumb/v7e-m+fp/hard\libcr_nohost_nf.a(__sys_appexit.o)
                0x000099fe                __sys_appexit
                0x000099fe                __exit
 .text.asinf    0x00009a00        0x6 c:/nxp/mcuxpressoide_11.1.0_3209/ide/plugins/com.nxp.mcuxpresso.tools.win32_11.1.0.201909161352/tools/bin/../lib/gcc/arm-none-eabi/8.3.1/../../../../arm-none-eabi/lib/thumb/v7e-m+fp/hard\libcr_c.a(asinf.o)
                0x00009a00                asinf
 .text.fabsf    0x00009a06       0x10 c:/nxp/mcuxpressoide_11.1.0_3209/ide/plugins/com.nxp.mcuxpresso.tools.win32_11.1.0.201909161352/tools/bin/../lib/gcc/arm-none-eabi/8.3.1/../../../../arm-none-eabi/lib/thumb/v7e-m+fp/hard\libcr_c.a(fabsf.o)
                0x00009a06                fabsf
 .text.memcpy   0x00009a16        0x4 c:/nxp/mcuxpressoide_11.1.0_3209/ide/plugins/com.nxp.mcuxpresso.tools.win32_11.1.0.201909161352/tools/bin/../lib/gcc/arm-none-eabi/8.3.1/../../../../arm-none-eabi/lib/thumb/v7e-m+fp/hard\libcr_c.a(memcpy.o)
                0x00009a16                memcpy
 .text.memset   0x00009a1a        0x4 c:/nxp/mcuxpressoide_11.1.0_3209/ide/plugins/com.nxp.mcuxpresso.tools.win32_11.1.0.201909161352/tools/bin/../lib/gcc/arm-none-eabi/8.3.1/../../../../arm-none-eabi/lib/thumb/v7e-m+fp/hard\libcr_c.a(memset.o)
                0x00009a1a                memset
 .text._deferredlazyseek
                0x00009a1e       0x40 c:/nxp/mcuxpressoide_11.1.0_3209/ide/plugins/com.nxp.mcuxpresso.tools.win32_11.1.0.201909161352/tools/bin/../lib/gcc/arm-none-eabi/8.3.1/../../../../arm-none-eabi/lib/thumb/v7e-m+fp/hard\libcr_c.a(_deferredlazyseek.o)
                0x00009a1e                _deferredlazyseek
 .text.__flsbuf
                0x00009a5e      0x140 c:/nxp/mcuxpressoide_11.1.0_3209/ide/plugins/com.nxp.mcuxpresso.tools.win32_11.1.0.201909161352/tools/bin/../lib/gcc/arm-none-eabi/8.3.1/../../../../arm-none-eabi/lib/thumb/v7e-m+fp/hard\libcr_c.a(_deferredlazyseek.o)
                0x00009a5e                __flsbuf
 .text._fflush  0x00009b9e       0x52 c:/nxp/mcuxpressoide_11.1.0_3209/ide/plugins/com.nxp.mcuxpresso.tools.win32_11.1.0.201909161352/tools/bin/../lib/gcc/arm-none-eabi/8.3.1/../../../../arm-none-eabi/lib/thumb/v7e-m+fp/hard\libcr_c.a(_fflush.o)
                0x00009b9e                _fflush
 .text.free     0x00009bf0       0x30 c:/nxp/mcuxpressoide_11.1.0_3209/ide/plugins/com.nxp.mcuxpresso.tools.win32_11.1.0.201909161352/tools/bin/../lib/gcc/arm-none-eabi/8.3.1/../../../../arm-none-eabi/lib/thumb/v7e-m+fp/hard\libcr_c.a(alloc.o)
                0x00009bf0                free
 .text.fputs    0x00009c20       0x2c c:/nxp/mcuxpressoide_11.1.0_3209/ide/plugins/com.nxp.mcuxpresso.tools.win32_11.1.0.201909161352/tools/bin/../lib/gcc/arm-none-eabi/8.3.1/../../../../arm-none-eabi/lib/thumb/v7e-m+fp/hard\libcr_c.a(fputs.o)
                0x00009c20                fputs
 .text.strlen   0x00009c4c       0x4c c:/nxp/mcuxpressoide_11.1.0_3209/ide/plugins/com.nxp.mcuxpresso.tools.win32_11.1.0.201909161352/tools/bin/../lib/gcc/arm-none-eabi/8.3.1/../../../../arm-none-eabi/lib/thumb/v7e-m+fp/hard\libcr_c.a(strlen.o)
                0x00009c4c                strlen
 .text.sqrtf    0x00009c98        0x6 c:/nxp/mcuxpressoide_11.1.0_3209/ide/plugins/com.nxp.mcuxpresso.tools.win32_11.1.0.201909161352/tools/bin/../lib/gcc/arm-none-eabi/8.3.1/../../../../arm-none-eabi/lib/thumb/v7e-m+fp/hard\libcr_c.a(sqrtf_m4_hardfp.o)
                0x00009c98                sqrtf
 .text._fdopen  0x00009c9e       0x68 c:/nxp/mcuxpressoide_11.1.0_3209/ide/plugins/com.nxp.mcuxpresso.tools.win32_11.1.0.201909161352/tools/bin/../lib/gcc/arm-none-eabi/8.3.1/../../../../arm-none-eabi/lib/thumb/v7e-m+fp/hard\libcr_c.a(_fdopen.o)
                0x00009c9e                _fdopen
 .text.fclose   0x00009d06       0x58 c:/nxp/mcuxpressoide_11.1.0_3209/ide/plugins/com.nxp.mcuxpresso.tools.win32_11.1.0.201909161352/tools/bin/../lib/gcc/arm-none-eabi/8.3.1/../../../../arm-none-eabi/lib/thumb/v7e-m+fp/hard\libcr_c.a(fclose.o)
                0x00009d06                fclose
 .text.remove   0x00009d5e       0x14 c:/nxp/mcuxpressoide_11.1.0_3209/ide/plugins/com.nxp.mcuxpresso.tools.win32_11.1.0.201909161352/tools/bin/../lib/gcc/arm-none-eabi/8.3.1/../../../../arm-none-eabi/lib/thumb/v7e-m+fp/hard\libcr_c.a(remove.o)
                0x00009d5e                remove
 .text._do_fflush
                0x00009d72       0x40 c:/nxp/mcuxpressoide_11.1.0_3209/ide/plugins/com.nxp.mcuxpresso.tools.win32_11.1.0.201909161352/tools/bin/../lib/gcc/arm-none-eabi/8.3.1/../../../../arm-none-eabi/lib/thumb/v7e-m+fp/hard\libcr_c.a(_do_fflush.o)
                0x00009d72                _do_fflush
 .text.__aeabi_d2iz
                0x00009db2       0x40 c:/nxp/mcuxpressoide_11.1.0_3209/ide/plugins/com.nxp.mcuxpresso.tools.win32_11.1.0.201909161352/tools/bin/../lib/gcc/arm-none-eabi/8.3.1/thumb/v7e-m+fp/hard\libcr_eabihelpers.a(double.o)
                0x00009db2                __aeabi_d2iz
 .text.__bhs_ui2d
                0x00009df2       0x46 c:/nxp/mcuxpressoide_11.1.0_3209/ide/plugins/com.nxp.mcuxpresso.tools.win32_11.1.0.201909161352/tools/bin/../lib/gcc/arm-none-eabi/8.3.1/thumb/v7e-m+fp/hard\libcr_eabihelpers.a(double.o)
                0x00009df2                __bhs_ui2d
 .text.__aeabi_i2d
                0x00009e38       0x12 c:/nxp/mcuxpressoide_11.1.0_3209/ide/plugins/com.nxp.mcuxpresso.tools.win32_11.1.0.201909161352/tools/bin/../lib/gcc/arm-none-eabi/8.3.1/thumb/v7e-m+fp/hard\libcr_eabihelpers.a(double.o)
                0x00009e38                __aeabi_i2d
 .text.__aeabi_memcpy
                0x00009e4a       0x34 c:/nxp/mcuxpressoide_11.1.0_3209/ide/plugins/com.nxp.mcuxpresso.tools.win32_11.1.0.201909161352/tools/bin/../lib/gcc/arm-none-eabi/8.3.1/thumb/v7e-m+fp/hard\libcr_eabihelpers.a(memcpy.o)
                0x00009e4a                __aeabi_memcpy
                0x00009e54                __aeabi_memcpy8
                0x00009e54                __aeabi_memcpy4
 .text.__aeabi_memset_lowlevel
                0x00009e7e       0x32 c:/nxp/mcuxpressoide_11.1.0_3209/ide/plugins/com.nxp.mcuxpresso.tools.win32_11.1.0.201909161352/tools/bin/../lib/gcc/arm-none-eabi/8.3.1/thumb/v7e-m+fp/hard\libcr_eabihelpers.a(memcpy.o)
                0x00009e7e                __aeabi_lowlevel_memset
 .text.__sys_close
                0x00009eb0        0x6 c:/nxp/mcuxpressoide_11.1.0_3209/ide/plugins/com.nxp.mcuxpresso.tools.win32_11.1.0.201909161352/tools/bin/../lib/gcc/arm-none-eabi/8.3.1/../../../../arm-none-eabi/lib/thumb/v7e-m+fp/hard\libcr_nohost_nf.a(__sys_close.o)
                0x00009eb0                __sys_close
 .text.__sys_flen
                0x00009eb6        0x6 c:/nxp/mcuxpressoide_11.1.0_3209/ide/plugins/com.nxp.mcuxpresso.tools.win32_11.1.0.201909161352/tools/bin/../lib/gcc/arm-none-eabi/8.3.1/../../../../arm-none-eabi/lib/thumb/v7e-m+fp/hard\libcr_nohost_nf.a(__sys_flen.o)
                0x00009eb6                __sys_flen
 .text.__sys_istty
                0x00009ebc        0x6 c:/nxp/mcuxpressoide_11.1.0_3209/ide/plugins/com.nxp.mcuxpresso.tools.win32_11.1.0.201909161352/tools/bin/../lib/gcc/arm-none-eabi/8.3.1/../../../../arm-none-eabi/lib/thumb/v7e-m+fp/hard\libcr_nohost_nf.a(__sys_istty.o)
                0x00009ebc                __sys_istty
 .text.__sys_remove
                0x00009ec2        0x6 c:/nxp/mcuxpressoide_11.1.0_3209/ide/plugins/com.nxp.mcuxpresso.tools.win32_11.1.0.201909161352/tools/bin/../lib/gcc/arm-none-eabi/8.3.1/../../../../arm-none-eabi/lib/thumb/v7e-m+fp/hard\libcr_nohost_nf.a(__sys_remove.o)
                0x00009ec2                __sys_remove
 .text.__sys_seek
                0x00009ec8        0x6 c:/nxp/mcuxpressoide_11.1.0_3209/ide/plugins/com.nxp.mcuxpresso.tools.win32_11.1.0.201909161352/tools/bin/../lib/gcc/arm-none-eabi/8.3.1/../../../../arm-none-eabi/lib/thumb/v7e-m+fp/hard\libcr_nohost_nf.a(__sys_seek.o)
                0x00009ec8                __sys_seek
 .text.__sys_tmpnam
                0x00009ece        0x6 c:/nxp/mcuxpressoide_11.1.0_3209/ide/plugins/com.nxp.mcuxpresso.tools.win32_11.1.0.201909161352/tools/bin/../lib/gcc/arm-none-eabi/8.3.1/../../../../arm-none-eabi/lib/thumb/v7e-m+fp/hard\libcr_nohost_nf.a(__sys_tmpnam.o)
                0x00009ece                __sys_tmpnam
 .text.__sys_write
                0x00009ed4        0x4 c:/nxp/mcuxpressoide_11.1.0_3209/ide/plugins/com.nxp.mcuxpresso.tools.win32_11.1.0.201909161352/tools/bin/../lib/gcc/arm-none-eabi/8.3.1/../../../../arm-none-eabi/lib/thumb/v7e-m+fp/hard\libcr_nohost_nf.a(__sys_write.o)
                0x00009ed4                __sys_write
 *freertos*/tasks.o(SORT_BY_ALIGNMENT(.rodata*))
 .rodata.vTaskStartScheduler.str1.4
                0x00009ed8        0x5 ./amazon-freertos/freertos_kernel/tasks.o
 *(SORT_BY_ALIGNMENT(.rodata) SORT_BY_ALIGNMENT(.rodata.*) SORT_BY_ALIGNMENT(.constdata) SORT_BY_ALIGNMENT(.constdata.*))
 *fill*         0x00009edd        0x3 ff
 .rodata.DbgConsole_SendDataReliable.str1.4
                0x00009ee0       0x4d ./utilities/fsl_debug_console.o
 *fill*         0x00009f2d        0x3 ff
 .rodata.DbgConsole_Init.str1.4
                0x00009f30       0xcb ./utilities/fsl_debug_console.o
 *fill*         0x00009ffb        0x1 ff
 .rodata.PORT_SetPinConfig.str1.4
                0x00009ffc       0x48 ./source/freertos_I2C.o
 .rodata.main.str1.4
                0x0000a044       0x22 ./source/main.o
 *fill*         0x0000a066        0x2 ff
 .rodata.calibrate_sensor.str1.4
                0x0000a068       0x1a ./source/main.o
 *fill*         0x0000a082        0x2 ff
 .rodata.start_system.str1.4
                0x0000a084       0x25 ./source/main.o
 *fill*         0x0000a0a9        0x3 ff
 .rodata.CLOCK_GetMcgExtClkFreq.str1.4
                0x0000a0ac       0x4e ./drivers/fsl_clock.o
 *fill*         0x0000a0fa        0x2 ff
 .rodata.CLOCK_GetOsc0ErClkUndivFreq.str1.4
                0x0000a0fc       0x1f ./drivers/fsl_clock.o
 *fill*         0x0000a11b        0x1 ff
 .rodata.CLOCK_GetOsc0ErClkDivFreq.str1.4
                0x0000a11c       0x1f ./drivers/fsl_clock.o
 *fill*         0x0000a13b        0x1 ff
 .rodata.CLOCK_GetEr32kClkFreq.str1.4
                0x0000a13c       0x20 ./drivers/fsl_clock.o
 .rodata.CLOCK_EnableUsbfs0Clock.str1.4
                0x0000a15c       0x2e ./drivers/fsl_clock.o
 *fill*         0x0000a18a        0x2 ff
 .rodata.CLOCK_GetPll0Freq.str1.4
                0x0000a18c       0x1e ./drivers/fsl_clock.o
 *fill*         0x0000a1aa        0x2 ff
 .rodata.CLOCK_EnablePll0.str1.4
                0x0000a1ac       0x1b ./drivers/fsl_clock.o
 *fill*         0x0000a1c7        0x1 ff
 .rodata.CLOCK_SetPbeMode.str1.4
                0x0000a1c8       0x1b ./drivers/fsl_clock.o
 *fill*         0x0000a1e3        0x1 ff
 .rodata.CLOCK_BootToPeeMode.str1.4
                0x0000a1e4       0x1b ./drivers/fsl_clock.o
 *fill*         0x0000a1ff        0x1 ff
 .rodata.fllFactorTable.8272
                0x0000a200       0x10 ./drivers/fsl_clock.o
 .rodata.s_i2cDividerTable
                0x0000a210       0x80 ./drivers/fsl_i2c.o
 .rodata.s_i2cIrqs
                0x0000a290        0x4 ./drivers/fsl_i2c.o
 .rodata.s_i2cClocks
                0x0000a294       0x10 ./drivers/fsl_i2c.o
 .rodata.s_i2cBases
                0x0000a2a4       0x10 ./drivers/fsl_i2c.o
 .rodata.I2C_GetInstance.str1.4
                0x0000a2b4       0x33 ./drivers/fsl_i2c.o
 *fill*         0x0000a2e7        0x1 ff
 .rodata.I2C_MasterTransferRunStateMachine.str1.4
                0x0000a2e8       0x17 ./drivers/fsl_i2c.o
 *fill*         0x0000a2ff        0x1 ff
 .rodata.I2C_MasterInit.str1.4
                0x0000a300       0x4b ./drivers/fsl_i2c.o
 *fill*         0x0000a34b        0x1 ff
 .rodata.I2C_MasterGetDefaultConfig.str1.4
                0x0000a34c       0x26 ./drivers/fsl_i2c.o
 *fill*         0x0000a372        0x2 ff
 .rodata.I2C_MasterTransferCreateHandle.str1.4
                0x0000a374       0x21 ./drivers/fsl_i2c.o
 *fill*         0x0000a395        0x3 ff
 .rodata.I2C_MasterTransferNonBlocking.str1.4
                0x0000a398       0x43 ./drivers/fsl_i2c.o
 *fill*         0x0000a3db        0x1 ff
 .rodata.I2C_MasterTransferHandleIRQ.str1.4
                0x0000a3dc       0x24 ./drivers/fsl_i2c.o
 .rodata.s_uartBases
                0x0000a400       0x14 ./drivers/fsl_uart.o
 .rodata.s_uartIRQ
                0x0000a414        0x5 ./drivers/fsl_uart.o
 *fill*         0x0000a419        0x3 ff
 .rodata.s_uartClock
                0x0000a41c       0x14 ./drivers/fsl_uart.o
 .rodata.UART_GetInstance.str1.4
                0x0000a430       0x2c ./drivers/fsl_uart.o
 .rodata.UART_TransferGetRxRingBufferLength.str1.4
                0x0000a45c       0x19 ./drivers/fsl_uart.o
 *fill*         0x0000a475        0x3 ff
 .rodata.UART_TransferIsRxRingBufferFull.str1.4
                0x0000a478       0x19 ./drivers/fsl_uart.o
 *fill*         0x0000a491        0x3 ff
 .rodata.UART_Init.str1.4
                0x0000a494       0xf4 ./drivers/fsl_uart.o
 .rodata.UART_GetDefaultConfig.str1.4
                0x0000a588       0x19 ./drivers/fsl_uart.o
 *fill*         0x0000a5a1        0x3 ff
 .rodata.UART_WriteNonBlocking.str1.4
                0x0000a5a4       0x17 ./drivers/fsl_uart.o
 *fill*         0x0000a5bb        0x1 ff
 .rodata.UART_ReadNonBlocking.str1.4
                0x0000a5bc       0x17 ./drivers/fsl_uart.o
 *fill*         0x0000a5d3        0x1 ff
 .rodata.UART_TransferCreateHandle.str1.4
                0x0000a5d4       0x19 ./drivers/fsl_uart.o
 *fill*         0x0000a5ed        0x3 ff
 .rodata.UART_TransferSendNonBlocking.str1.4
                0x0000a5f0       0x75 ./drivers/fsl_uart.o
 *fill*         0x0000a665        0x3 ff
 .rodata.UART_TransferHandleIRQ.str1.4
                0x0000a668       0x1a ./drivers/fsl_uart.o
 *fill*         0x0000a682        0x2 ff
 .rodata.s_UartAdapterBase
                0x0000a684       0x14 ./component/uart/uart_adapter.o
 .rodata.HAL_UartInit.str1.4
                0x0000a698       0xd6 ./component/uart/uart_adapter.o
 *fill*         0x0000a76e        0x2 ff
 .rodata.HAL_UartSendBlocking.str1.4
                0x0000a770       0x59 ./component/uart/uart_adapter.o
 *fill*         0x0000a7c9        0x3 ff
 .rodata.SerialManager_Write.str1.4
                0x0000a7cc       0x83 ./component/serial_manager/serial_manager.o
 *fill*         0x0000a84f        0x1 ff
 .rodata.SerialManager_Init.str1.4
                0x0000a850       0x45 ./component/serial_manager/serial_manager.o
 *fill*         0x0000a895        0x3 ff
 .rodata.SerialManager_OpenWriteHandle.str1.4
                0x0000a898       0x4d ./component/serial_manager/serial_manager.o
 *fill*         0x0000a8e5        0x3 ff
 .rodata.SerialManager_OpenReadHandle.str1.4
                0x0000a8e8       0x4c ./component/serial_manager/serial_manager.o
 .rodata.Serial_UartInit.str1.4
                0x0000a934       0x4f ./component/serial_manager/serial_port_uart.o
 *fill*         0x0000a983        0x1 ff
 .rodata.Serial_UartWrite.str1.4
                0x0000a984       0x6d ./component/serial_manager/serial_port_uart.o
 *fill*         0x0000a9f1        0x3 ff
 .rodata.mcgConfig_BOARD_BootClockHSRUN
                0x0000a9f4        0xc ./board/clock_config.o
                0x0000a9f4                mcgConfig_BOARD_BootClockHSRUN
 .rodata.simConfig_BOARD_BootClockHSRUN
                0x0000aa00        0x8 ./board/clock_config.o
                0x0000aa00                simConfig_BOARD_BootClockHSRUN
 .rodata.oscConfig_BOARD_BootClockHSRUN
                0x0000aa08        0x8 ./board/clock_config.o
                0x0000aa08                oscConfig_BOARD_BootClockHSRUN
 .rodata.PORT_SetPinConfig.str1.4
                0x0000aa10       0x48 ./board/pin_mux.o
 .rodata.xTimerCreateTimerTask.str1.4
                0x0000aa10        0x8 ./amazon-freertos/freertos_kernel/timers.o
 .rodata.prvCheckForValidListAndQueue.str1.4
                0x0000aa18        0x8 ./amazon-freertos/freertos_kernel/timers.o
                                  0x5 (size before relaxing)
 .rodata.__num_Ciob_streams
                0x0000aa20        0x4 c:/nxp/mcuxpressoide_11.1.0_3209/ide/plugins/com.nxp.mcuxpresso.tools.win32_11.1.0.201909161352/tools/bin/../lib/gcc/arm-none-eabi/8.3.1/../../../../arm-none-eabi/lib/thumb/v7e-m+fp/hard\libcr_nohost_nf.a(__ciob.o)
                0x0000aa20                __num_Ciob_streams
 .rodata.a.5276
                0x0000aa24       0x10 c:/nxp/mcuxpressoide_11.1.0_3209/ide/plugins/com.nxp.mcuxpresso.tools.win32_11.1.0.201909161352/tools/bin/../lib/gcc/arm-none-eabi/8.3.1/../../../../arm-none-eabi/lib/thumb/v7e-m+fp/hard\libcr_c.a(atanf.o)
 .rodata.a.5279
                0x0000aa34        0x8 c:/nxp/mcuxpressoide_11.1.0_3209/ide/plugins/com.nxp.mcuxpresso.tools.win32_11.1.0.201909161352/tools/bin/../lib/gcc/arm-none-eabi/8.3.1/../../../../arm-none-eabi/lib/thumb/v7e-m+fp/hard\libcr_c.a(_asinacosf.o)
 .rodata.b.5280
                0x0000aa3c        0x8 c:/nxp/mcuxpressoide_11.1.0_3209/ide/plugins/com.nxp.mcuxpresso.tools.win32_11.1.0.201909161352/tools/bin/../lib/gcc/arm-none-eabi/8.3.1/../../../../arm-none-eabi/lib/thumb/v7e-m+fp/hard\libcr_c.a(_asinacosf.o)
 .rodata.__assertion_failed.str1.1
                0x0000aa44       0x15 c:/nxp/mcuxpressoide_11.1.0_3209/ide/plugins/com.nxp.mcuxpresso.tools.win32_11.1.0.201909161352/tools/bin/../lib/gcc/arm-none-eabi/8.3.1/../../../../arm-none-eabi/lib/thumb/v7e-m+fp/hard\libcr_nohost_nf.a(_cr_assert.o)
 .rodata._Csys_alloc.str1.1
                0x0000aa59       0x18 c:/nxp/mcuxpressoide_11.1.0_3209/ide/plugins/com.nxp.mcuxpresso.tools.win32_11.1.0.201909161352/tools/bin/../lib/gcc/arm-none-eabi/8.3.1/../../../../arm-none-eabi/lib/thumb/v7e-m+fp/hard\libcr_c.a(alloc.o)
 .rodata._initio.str1.1
                0x0000aa71        0x4 c:/nxp/mcuxpressoide_11.1.0_3209/ide/plugins/com.nxp.mcuxpresso.tools.win32_11.1.0.201909161352/tools/bin/../lib/gcc/arm-none-eabi/8.3.1/../../../../arm-none-eabi/lib/thumb/v7e-m+fp/hard\libcr_c.a(initio.o)
                0x0000aa78                . = ALIGN (0x8)
 *fill*         0x0000aa75        0x3 ff

.glue_7         0x0000aa78        0x0
 .glue_7        0x0000aa78        0x0 linker stubs

.glue_7t        0x0000aa78        0x0
 .glue_7t       0x0000aa78        0x0 linker stubs

.vfp11_veneer   0x0000aa78        0x0
 .vfp11_veneer  0x0000aa78        0x0 linker stubs

.v4_bx          0x0000aa78        0x0
 .v4_bx         0x0000aa78        0x0 linker stubs

.iplt           0x0000aa78        0x0
 .iplt          0x0000aa78        0x0 ./utilities/fsl_debug_console.o

.rel.dyn        0x0000aa78        0x0
 .rel.iplt      0x0000aa78        0x0 ./utilities/fsl_debug_console.o

.ARM.extab
 *(SORT_BY_ALIGNMENT(.ARM.extab*) SORT_BY_ALIGNMENT(.gnu.linkonce.armextab.*))
                0x0000aa78                __exidx_start = .

.ARM.exidx
 *(SORT_BY_ALIGNMENT(.ARM.exidx*) SORT_BY_ALIGNMENT(.gnu.linkonce.armexidx.*))
                0x0000aa78                __exidx_end = .
                0x0000aa78                _etext = .

.m_usb_data
 *(SORT_BY_ALIGNMENT(m_usb_bdt))

.data_RAM2      0x1fff0000        0x0 load address 0x0000aa78
 FILL mask 0xff
                [!provide]                PROVIDE (__start_data_RAM2 = .)
                [!provide]                PROVIDE (__start_data_SRAM_LOWER = .)
 *(SORT_BY_ALIGNMENT(.ramfunc.$RAM2))
 *(SORT_BY_ALIGNMENT(.ramfunc.$SRAM_LOWER))
 *(SORT_BY_ALIGNMENT(.data.$RAM2))
 *(SORT_BY_ALIGNMENT(.data.$SRAM_LOWER))
 *(SORT_BY_ALIGNMENT(.data.$RAM2.*))
 *(SORT_BY_ALIGNMENT(.data.$SRAM_LOWER.*))
                0x1fff0000                . = ALIGN (0x8)
                [!provide]                PROVIDE (__end_data_RAM2 = .)
                [!provide]                PROVIDE (__end_data_SRAM_LOWER = .)

.data_RAM3      0x14000000        0x0 load address 0x0000aa78
 FILL mask 0xff
                [!provide]                PROVIDE (__start_data_RAM3 = .)
                [!provide]                PROVIDE (__start_data_FLEX_RAM = .)
 *(SORT_BY_ALIGNMENT(.ramfunc.$RAM3))
 *(SORT_BY_ALIGNMENT(.ramfunc.$FLEX_RAM))
 *(SORT_BY_ALIGNMENT(.data.$RAM3))
 *(SORT_BY_ALIGNMENT(.data.$FLEX_RAM))
 *(SORT_BY_ALIGNMENT(.data.$RAM3.*))
 *(SORT_BY_ALIGNMENT(.data.$FLEX_RAM.*))
                0x14000000                . = ALIGN (0x8)
                [!provide]                PROVIDE (__end_data_RAM3 = .)
                [!provide]                PROVIDE (__end_data_FLEX_RAM = .)

.uninit_RESERVED
                0x20000000        0x0
                0x20000000                _start_uninit_RESERVED = .
 *(SORT_BY_ALIGNMENT(.bss.$RESERVED*))
                0x20000000                . = ALIGN (0x8)
                0x20000000                _end_uninit_RESERVED = .

.data           0x20000000       0x18 load address 0x0000aa78
 FILL mask 0xff
                0x20000000                _data = .
                [!provide]                PROVIDE (__start_data_RAM = .)
                [!provide]                PROVIDE (__start_data_SRAM_UPPER = .)
 *(SORT_BY_ALIGNMENT(vtable))
 *(SORT_BY_ALIGNMENT(.ramfunc*))
 *(SORT_BY_ALIGNMENT(CodeQuickAccess))
 *(SORT_BY_ALIGNMENT(DataQuickAccess))
 *(SORT_BY_ALIGNMENT(RamFunction))
 *(SORT_BY_ALIGNMENT(.data*))
 .data.twoKp    0x20000000        0x4 ./source/mahony.o
                0x20000000                twoKp
 .data.q0       0x20000004        0x4 ./source/mahony.o
                0x20000004                q0
 .data.s_slowIrcFreq
                0x20000008        0x4 ./drivers/fsl_clock.o
 .data.s_fastIrcFreq
                0x2000000c        0x4 ./drivers/fsl_clock.o
 .data.SystemCoreClock
                0x20000010        0x4 ./device/system_MK66F18.o
                0x20000010                SystemCoreClock
 .data.uxCriticalNesting
                0x20000014        0x4 ./amazon-freertos/freertos_kernel/portable/GCC/ARM_CM4F/port.o
                0x20000018                . = ALIGN (0x8)
                0x20000018                _edata = .
                [!provide]                PROVIDE (__end_data_RAM = .)
                [!provide]                PROVIDE (__end_data_SRAM_UPPER = .)

.igot.plt       0x20000018        0x0 load address 0x0000aa90
 .igot.plt      0x20000018        0x0 ./utilities/fsl_debug_console.o

.bss_RAM2       0x1fff0000        0x0
                [!provide]                PROVIDE (__start_bss_RAM2 = .)
                [!provide]                PROVIDE (__start_bss_SRAM_LOWER = .)
 *(SORT_BY_ALIGNMENT(.bss.$RAM2))
 *(SORT_BY_ALIGNMENT(.bss.$SRAM_LOWER))
 *(SORT_BY_ALIGNMENT(.bss.$RAM2.*))
 *(SORT_BY_ALIGNMENT(.bss.$SRAM_LOWER.*))
                0x1fff0000                . = ALIGN ((. != 0x0)?0x8:0x1)
                [!provide]                PROVIDE (__end_bss_RAM2 = .)
                [!provide]                PROVIDE (__end_bss_SRAM_LOWER = .)

.bss_RAM3       0x14000000        0x0
                [!provide]                PROVIDE (__start_bss_RAM3 = .)
                [!provide]                PROVIDE (__start_bss_FLEX_RAM = .)
 *(SORT_BY_ALIGNMENT(.bss.$RAM3))
 *(SORT_BY_ALIGNMENT(.bss.$FLEX_RAM))
 *(SORT_BY_ALIGNMENT(.bss.$RAM3.*))
 *(SORT_BY_ALIGNMENT(.bss.$FLEX_RAM.*))
                0x14000000                . = ALIGN ((. != 0x0)?0x8:0x1)
                [!provide]                PROVIDE (__end_bss_RAM3 = .)
                [!provide]                PROVIDE (__end_bss_FLEX_RAM = .)

.bss            0x20000018     0x2c70
                0x20000018                _bss = .
                [!provide]                PROVIDE (__start_bss_RAM = .)
                [!provide]                PROVIDE (__start_bss_SRAM_UPPER = .)
 *(SORT_BY_ALIGNMENT(.bss*))
 .bss.s_debugConsoleState
                0x20000018       0x1c ./utilities/fsl_debug_console.o
 .bss.g_serialHandle
                0x20000034        0x4 ./utilities/fsl_debug_console.o
                0x20000034                g_serialHandle
 .bss.bmi160_config
                0x20000038        0xc ./source/BMI160.o
 .bss.freertos_i2c_handles
                0x20000044       0xd0 ./source/freertos_I2C.o
 .bss.freertos_uart_handles
                0x20000114       0x88 ./source/freertos_uart.o
 .bss.twoKi     0x2000019c        0x4 ./source/mahony.o
                0x2000019c                twoKi
 .bss.q1        0x200001a0        0x4 ./source/mahony.o
                0x200001a0                q1
 .bss.q2        0x200001a4        0x4 ./source/mahony.o
                0x200001a4                q2
 .bss.q3        0x200001a8        0x4 ./source/mahony.o
                0x200001a8                q3
 .bss.integralFBx
                0x200001ac        0x4 ./source/mahony.o
                0x200001ac                integralFBx
 .bss.integralFBy
                0x200001b0        0x4 ./source/mahony.o
                0x200001b0                integralFBy
 .bss.integralFBz
                0x200001b4        0x4 ./source/mahony.o
                0x200001b4                integralFBz
 .bss.g_message
                0x200001b8       0x10 ./source/main.o
                0x200001b8                g_message
 .bss.g_calibrate_gyr
                0x200001c8        0x6 ./source/main.o
                0x200001c8                g_calibrate_gyr
 *fill*         0x200001ce        0x2 
 .bss.g_calibrate_acc
                0x200001d0        0x6 ./source/main.o
                0x200001d0                g_calibrate_acc
 *fill*         0x200001d6        0x2 
 .bss.g_filter_gyr
                0x200001d8        0x6 ./source/main.o
                0x200001d8                g_filter_gyr
 *fill*         0x200001de        0x2 
 .bss.g_filter_acc
                0x200001e0        0x6 ./source/main.o
                0x200001e0                g_filter_acc
 *fill*         0x200001e6        0x2 
 .bss.g_times   0x200001e8        0x4 ./source/main.o
                0x200001e8                g_times
 .bss.s_extPllFreq
                0x200001ec        0x4 ./drivers/fsl_clock.o
 .bss.g_xtal0Freq
                0x200001f0        0x4 ./drivers/fsl_clock.o
                0x200001f0                g_xtal0Freq
 .bss.g_xtal32Freq
                0x200001f4        0x4 ./drivers/fsl_clock.o
                0x200001f4                g_xtal32Freq
 .bss.s_i2cHandle
                0x200001f8       0x10 ./drivers/fsl_i2c.o
 .bss.s_i2cMasterIsr
                0x20000208        0x4 ./drivers/fsl_i2c.o
 .bss.s_i2cSlaveIsr
                0x2000020c        0x4 ./drivers/fsl_i2c.o
 .bss.s_uartHandle
                0x20000210       0x14 ./drivers/fsl_uart.o
 .bss.s_uartIsr
                0x20000224        0x4 ./drivers/fsl_uart.o
 .bss.ucHeap    0x20000228     0x2800 ./amazon-freertos/freertos_kernel/portable/MemMang/heap_4.o
 .bss.xStart    0x20002a28        0x8 ./amazon-freertos/freertos_kernel/portable/MemMang/heap_4.o
 .bss.pxEnd     0x20002a30        0x4 ./amazon-freertos/freertos_kernel/portable/MemMang/heap_4.o
 .bss.xFreeBytesRemaining
                0x20002a34        0x4 ./amazon-freertos/freertos_kernel/portable/MemMang/heap_4.o
 .bss.xMinimumEverFreeBytesRemaining
                0x20002a38        0x4 ./amazon-freertos/freertos_kernel/portable/MemMang/heap_4.o
 .bss.xBlockAllocatedBit